Archive member included to satisfy reference by file (symbol)

.\CortexM3\ARM_GCC_541\Debug\Design01.a(Motor_1_IN_1.o)
                              .\CortexM3\ARM_GCC_541\Debug\main.o (Motor_1_IN_1_Write)
.\CortexM3\ARM_GCC_541\Debug\Design01.a(Motor_1_IN_2.o)
                              .\CortexM3\ARM_GCC_541\Debug\main.o (Motor_1_IN_2_Write)
.\CortexM3\ARM_GCC_541\Debug\Design01.a(CyLib.o)
                              .\CortexM3\ARM_GCC_541\Debug\Cm3Start.o (CyHalt)
.\CortexM3\ARM_GCC_541\Debug\Design01.a(cyPm.o)
                              .\CortexM3\ARM_GCC_541\Debug\Design01.a(CyLib.o) (CyPmReadStatus)
.\CortexM3\ARM_GCC_541\Debug\Design01.a(QuadDec_1.o)
                              .\CortexM3\ARM_GCC_541\Debug\main.o (QuadDec_1_GetCounter)
.\CortexM3\ARM_GCC_541\Debug\Design01.a(QuadDec_1_Cnt16.o)
                              .\CortexM3\ARM_GCC_541\Debug\Design01.a(QuadDec_1.o) (QuadDec_1_Cnt16_Stop)
.\CortexM3\ARM_GCC_541\Debug\Design01.a(UART_1.o)
                              .\CortexM3\ARM_GCC_541\Debug\main.o (UART_1_Start)
.\CortexM3\ARM_GCC_541\Debug\Design01.a(UART_1_IntClock.o)
                              .\CortexM3\ARM_GCC_541\Debug\Design01.a(UART_1.o) (UART_1_IntClock_Start)
.\CortexM3\ARM_GCC_541\Debug\Design01.a(QuadDec_2.o)
                              .\CortexM3\ARM_GCC_541\Debug\main.o (QuadDec_2_GetCounter)
.\CortexM3\ARM_GCC_541\Debug\Design01.a(QuadDec_2_Cnt16.o)
                              .\CortexM3\ARM_GCC_541\Debug\Design01.a(QuadDec_2.o) (QuadDec_2_Cnt16_Stop)
.\CortexM3\ARM_GCC_541\Debug\Design01.a(Motor_2_IN_3.o)
                              .\CortexM3\ARM_GCC_541\Debug\main.o (Motor_2_IN_3_Write)
.\CortexM3\ARM_GCC_541\Debug\Design01.a(Motor_2_IN_4.o)
                              .\CortexM3\ARM_GCC_541\Debug\main.o (Motor_2_IN_4_Write)
.\CortexM3\ARM_GCC_541\Debug\Design01.a(PWM_Master.o)
                              .\CortexM3\ARM_GCC_541\Debug\main.o (PWM_Master_WriteCompare)
.\CortexM3\ARM_GCC_541\Debug\Design01.a(PWM_Slave.o)
                              .\CortexM3\ARM_GCC_541\Debug\main.o (PWM_Slave_WriteCompare)
.\CortexM3\ARM_GCC_541\Debug\Design01.a(Timer_1.o)
                              .\CortexM3\ARM_GCC_541\Debug\main.o (Timer_1_Start)
.\CortexM3\ARM_GCC_541\Debug\Design01.a(isr_1.o)
                              .\CortexM3\ARM_GCC_541\Debug\main.o (isr_1_StartEx)
.\CortexM3\ARM_GCC_541\Debug\Design01.a(Timer_2.o)
                              .\CortexM3\ARM_GCC_541\Debug\main.o (Timer_2_ReadStatusRegister)
.\CortexM3\ARM_GCC_541\Debug\Design01.a(isr_2.o)
                              .\CortexM3\ARM_GCC_541\Debug\main.o (isr_2_StartEx)
.\CortexM3\ARM_GCC_541\Debug\Design01.a(Timer_3.o)
                              .\CortexM3\ARM_GCC_541\Debug\main.o (Timer_3_Start)
.\CortexM3\ARM_GCC_541\Debug\Design01.a(Right_Echo.o)
                              .\CortexM3\ARM_GCC_541\Debug\main.o (Right_Echo_Read)
.\CortexM3\ARM_GCC_541\Debug\Design01.a(isr_3.o)
                              .\CortexM3\ARM_GCC_541\Debug\main.o (isr_3_StartEx)
.\CortexM3\ARM_GCC_541\Debug\Design01.a(Timer_4.o)
                              .\CortexM3\ARM_GCC_541\Debug\main.o (Timer_4_Start)
.\CortexM3\ARM_GCC_541\Debug\Design01.a(isr_4.o)
                              .\CortexM3\ARM_GCC_541\Debug\main.o (isr_4_StartEx)
.\CortexM3\ARM_GCC_541\Debug\Design01.a(Timer_5.o)
                              .\CortexM3\ARM_GCC_541\Debug\main.o (Timer_5_Start)
.\CortexM3\ARM_GCC_541\Debug\Design01.a(Front_Echo_1.o)
                              .\CortexM3\ARM_GCC_541\Debug\main.o (Front_Echo_1_Read)
.\CortexM3\ARM_GCC_541\Debug\Design01.a(isr_5.o)
                              .\CortexM3\ARM_GCC_541\Debug\main.o (isr_5_StartEx)
.\CortexM3\ARM_GCC_541\Debug\Design01.a(Right_Trigger.o)
                              .\CortexM3\ARM_GCC_541\Debug\main.o (Right_Trigger_Write)
.\CortexM3\ARM_GCC_541\Debug\Design01.a(PWM_ColorSensor.o)
                              .\CortexM3\ARM_GCC_541\Debug\main.o (PWM_ColorSensor_ReadStatusRegister)
.\CortexM3\ARM_GCC_541\Debug\Design01.a(Counter_ColorSensor.o)
                              .\CortexM3\ARM_GCC_541\Debug\main.o (Counter_ColorSensor_ReadCapture)
.\CortexM3\ARM_GCC_541\Debug\Design01.a(isr_6.o)
                              .\CortexM3\ARM_GCC_541\Debug\main.o (isr_6_StartEx)
.\CortexM3\ARM_GCC_541\Debug\Design01.a(Control_Reg_1.o)
                              .\CortexM3\ARM_GCC_541\Debug\main.o (Control_Reg_1_Write)
.\CortexM3\ARM_GCC_541\Debug\Design01.a(S1.o)
                              .\CortexM3\ARM_GCC_541\Debug\main.o (S1_Write)
.\CortexM3\ARM_GCC_541\Debug\Design01.a(S2.o)
                              .\CortexM3\ARM_GCC_541\Debug\main.o (S2_Write)
.\CortexM3\ARM_GCC_541\Debug\Design01.a(S0.o)
                              .\CortexM3\ARM_GCC_541\Debug\main.o (S0_Write)
.\CortexM3\ARM_GCC_541\Debug\Design01.a(S3.o)
                              .\CortexM3\ARM_GCC_541\Debug\main.o (S3_Write)
[...]
Memory Configuration

Name             Origin             Length             Attributes
rom              0x00000000         0x00040000         xr
ram              0x1fff8000         0x00010000         xrw
*default*        0x00000000         0xffffffff

Linker script and memory map

LOAD c:/program files (x86)/cypress/psoc creator/4.4/psoc creator/import/gnu/arm/5.4.1/bin/../lib/gcc/arm-none-eabi/5.4.1/armv7-m/crti.o
LOAD c:/program files (x86)/cypress/psoc creator/4.4/psoc creator/import/gnu/arm/5.4.1/bin/../lib/gcc/arm-none-eabi/5.4.1/armv7-m/crtbegin.o
LOAD c:/program files (x86)/cypress/psoc creator/4.4/psoc creator/import/gnu/arm/5.4.1/bin/../lib/gcc/arm-none-eabi/5.4.1/../../../../arm-none-eabi/lib/armv7-m/crt0.o
START GROUP
LOAD .\CortexM3\ARM_GCC_541\Debug\main.o
LOAD .\CortexM3\ARM_GCC_541\Debug\cyfitter_cfg.o
LOAD .\CortexM3\ARM_GCC_541\Debug\cymetadata.o
LOAD .\CortexM3\ARM_GCC_541\Debug\Cm3Start.o
LOAD .\CortexM3\ARM_GCC_541\Debug\Design01.a
LOAD C:\Program Files (x86)\Cypress\PSoC Creator\4.4\PSoC Creator\psoc\content\cycomponentlibrary\CyComponentLibrary.cylib\CortexM3\ARM_GCC_541\Debug\CyComponentLibrary.a
END GROUP
START GROUP
LOAD c:/program files (x86)/cypress/psoc creator/4.4/psoc creator/import/gnu/arm/5.4.1/bin/../lib/gcc/arm-none-eabi/5.4.1/armv7-m\libgcc.a
LOAD c:/program files (x86)/cypress/psoc creator/4.4/psoc creator/import/gnu/arm/5.4.1/bin/../lib/gcc/arm-none-eabi/5.4.1/../../../../arm-none-eabi/lib/armv7-m\libg_nano.a
LOAD c:/program files (x86)/cypress/psoc creator/4.4/psoc creator/import/gnu/arm/5.4.1/bin/../lib/gcc/arm-none-eabi/5.4.1/../../../../arm-none-eabi/lib/armv7-m\libc_nano.a
END GROUP
START GROUP
LOAD c:/program files (x86)/cypress/psoc creator/4.4/psoc creator/import/gnu/arm/5.4.1/bin/../lib/gcc/arm-none-eabi/5.4.1/armv7-m\libgcc.a
LOAD c:/program files (x86)/cypress/psoc creator/4.4/psoc creator/import/gnu/arm/5.4.1/bin/../lib/gcc/arm-none-eabi/5.4.1/../../../../arm-none-eabi/lib/armv7-m\libc_nano.a
END GROUP
LOAD c:/program files (x86)/cypress/psoc creator/4.4/psoc creator/import/gnu/arm/5.4.1/bin/../lib/gcc/arm-none-eabi/5.4.1/armv7-m/crtend.o
LOAD c:/program files (x86)/cypress/psoc creator/4.4/psoc creator/import/gnu/arm/5.4.1/bin/../lib/gcc/arm-none-eabi/5.4.1/armv7-m/crtn.o
START GROUP
LOAD c:/program files (x86)/cypress/psoc creator/4.4/psoc creator/import/gnu/arm/5.4.1/bin/../lib/gcc/arm-none-eabi/5.4.1/armv7-m\libgcc.a
LOAD c:/program files (x86)/cypress/psoc creator/4.4/psoc creator/import/gnu/arm/5.4.1/bin/../lib/gcc/arm-none-eabi/5.4.1/../../../../arm-none-eabi/lib/armv7-m\libc.a
LOAD c:/program files (x86)/cypress/psoc creator/4.4/psoc creator/import/gnu/arm/5.4.1/bin/../lib/gcc/arm-none-eabi/5.4.1/../../../../arm-none-eabi/lib/armv7-m\libnosys.a
END GROUP
                0x00000000                CY_APPL_ORIGIN = 0x0
                0x00000100                CY_FLASH_ROW_SIZE = 0x100
                0x00000020                CY_ECC_ROW_SIZE = 0x20
                0x00000000                CY_EE_IN_BTLDR = 0x0
                0x00000000                CY_APPL_LOADABLE = 0x0
                0x00000800                CY_EE_SIZE = 0x800
                0x00000001                CY_APPL_NUM = 0x1
                0x00000001                CY_APPL_MAX = 0x1
                0x00000040                CY_METADATA_SIZE = 0x40
                0x00000000                CY_APPL_LOADABLE = 0x0
                0x00000000                CY_CHECKSUM_EXCLUDE_SIZE = ALIGN (0x0, CY_FLASH_ROW_SIZE)
                [!provide]                PROVIDE (__cy_heap_start, _end)
                0x00000001                PROVIDE (__cy_region_num, ((__cy_regions_end - __cy_regions) / 0x10))
                0x20008000                PROVIDE (__cy_stack, (ORIGIN (ram) + LENGTH (ram)))
                [!provide]                PROVIDE (__cy_heap_end, (__cy_stack - 0x800))

.cybootloader   0x00000000        0x0
 *(.cybootloader)
                0x00000000                appl1_start = CY_APPL_ORIGIN?CY_APPL_ORIGIN:ALIGN (CY_FLASH_ROW_SIZE)
                0x0001ff00                appl2_start = (appl1_start + ALIGN ((((LENGTH (rom) - appl1_start) - (0x2 * CY_FLASH_ROW_SIZE)) / 0x2), CY_FLASH_ROW_SIZE))
                0x00000000                appl_start = (CY_APPL_NUM == 0x1)?appl1_start:appl2_start
                0x00000000                ecc_offset = ((appl_start / CY_FLASH_ROW_SIZE) * CY_ECC_ROW_SIZE)
                0x00000000                ee_offset = (CY_APPL_LOADABLE && ! (CY_EE_IN_BTLDR))?((CY_EE_SIZE / CY_APPL_MAX) * (CY_APPL_NUM - 0x1)):0x0
                0x00000800                ee_size = (CY_APPL_LOADABLE && ! (CY_EE_IN_BTLDR))?(CY_EE_SIZE / CY_APPL_MAX):CY_EE_SIZE
                [!provide]                PROVIDE (CY_ECC_OFFSET, ecc_offset)

.text           0x00000000     0x4b1c
 CREATE_OBJECT_SYMBOLS
                0x00000000                PROVIDE (__cy_interrupt_vector, RomVectors)
 *(.romvectors)
 .romvectors    0x00000000       0x10 .\CortexM3\ARM_GCC_541\Debug\Cm3Start.o
                0x00000000                RomVectors
                0x00000001                ASSERT ((. != __cy_interrupt_vector), No interrupt vector)
                0x00000001                ASSERT (CY_APPL_ORIGIN?(SIZEOF (.cybootloader) <= CY_APPL_ORIGIN):0x1, Wrong image location)
                0x00000010                PROVIDE (__cy_reset, Reset)
 *(.text.Reset)
 .text.Reset    0x00000010       0x18 .\CortexM3\ARM_GCC_541\Debug\Cm3Start.o
                0x00000010                Reset
                0x00000001                ASSERT ((. != __cy_reset), No reset code)
 *(.dma_init)
                0x00000001                ASSERT ((((appl_start + .) <= 0x10000) || 0x1), DMA Init must be within the first 64k of flash)
 *(.text .text.* .gnu.linkonce.t.*)
 .text          0x00000028       0x5c c:/program files (x86)/cypress/psoc creator/4.4/psoc creator/import/gnu/arm/5.4.1/bin/../lib/gcc/arm-none-eabi/5.4.1/armv7-m/crtbegin.o
 .text.Color_sensing
                0x00000084       0x14 .\CortexM3\ARM_GCC_541\Debug\main.o
                0x00000084                Color_sensing
 .text.Speed_Control
                0x00000098       0x64 .\CortexM3\ARM_GCC_541\Debug\main.o
                0x00000098                Speed_Control
 .text.dist_right_detection
                0x000000fc       0x38 .\CortexM3\ARM_GCC_541\Debug\main.o
                0x000000fc                dist_right_detection
 .text.dist_left_detection
                0x00000134       0x38 .\CortexM3\ARM_GCC_541\Debug\main.o
                0x00000134                dist_left_detection
 .text.dist_front_detection_1
                0x0000016c       0x58 .\CortexM3\ARM_GCC_541\Debug\main.o
                0x0000016c                dist_front_detection_1
 .text.dist_front_detection_2
                0x000001c4       0x58 .\CortexM3\ARM_GCC_541\Debug\main.o
                0x000001c4                dist_front_detection_2
 .text.stop     0x0000021c       0x28 .\CortexM3\ARM_GCC_541\Debug\main.o
                0x0000021c                stop
 .text.forward  0x00000244       0x28 .\CortexM3\ARM_GCC_541\Debug\main.o
                0x00000244                forward
 .text.reverse  0x0000026c       0x28 .\CortexM3\ARM_GCC_541\Debug\main.o
                0x0000026c                reverse
 .text.turn_anticlockwise
                0x00000294       0x28 .\CortexM3\ARM_GCC_541\Debug\main.o
                0x00000294                turn_anticlockwise
 .text.turn_clockwise
                0x000002bc       0x28 .\CortexM3\ARM_GCC_541\Debug\main.o
                0x000002bc                turn_clockwise
 *fill*         0x000002e4        0x4 
 .text.F_or_R_1
                0x000002e8      0x168 .\CortexM3\ARM_GCC_541\Debug\main.o
                0x000002e8                F_or_R_1
 .text.F_or_R_2
                0x00000450      0x10c .\CortexM3\ARM_GCC_541\Debug\main.o
                0x00000450                F_or_R_2
 *fill*         0x0000055c        0x4 
 .text.F_or_R_3
                0x00000560       0xdc .\CortexM3\ARM_GCC_541\Debug\main.o
                0x00000560                F_or_R_3
 .text.CW       0x0000063c       0x84 .\CortexM3\ARM_GCC_541\Debug\main.o
                0x0000063c                CW
 .text.Color_Sensing_Function
                0x000006c0      0x140 .\CortexM3\ARM_GCC_541\Debug\main.o
                0x000006c0                Color_Sensing_Function
 .text.main     0x00000800      0x244 .\CortexM3\ARM_GCC_541\Debug\main.o
                0x00000800                main
 .text.CyClockStartupError
                0x00000a44        0x4 .\CortexM3\ARM_GCC_541\Debug\cyfitter_cfg.o
 .text.cfg_write_bytes32
                0x00000a48       0x34 .\CortexM3\ARM_GCC_541\Debug\cyfitter_cfg.o
 .text.AnalogSetDefault
                0x00000a7c       0x28 .\CortexM3\ARM_GCC_541\Debug\cyfitter_cfg.o
 .text.CYMEMZERO
                0x00000aa4        0xc .\CortexM3\ARM_GCC_541\Debug\cyfitter_cfg.o
 .text.ClockSetup
                0x00000ab0       0xe4 .\CortexM3\ARM_GCC_541\Debug\cyfitter_cfg.o
 .text.CYCONFIGCPY
                0x00000b94        0x8 .\CortexM3\ARM_GCC_541\Debug\cyfitter_cfg.o
 .text.cyfitter_cfg
                0x00000b9c      0x178 .\CortexM3\ARM_GCC_541\Debug\cyfitter_cfg.o
                0x00000b9c                cyfitter_cfg
 .text.IntDefaultHandler
                0x00000d14       0x10 .\CortexM3\ARM_GCC_541\Debug\Cm3Start.o
                0x00000d14                IntDefaultHandler
 .text._sbrk    0x00000d24       0x30 .\CortexM3\ARM_GCC_541\Debug\Cm3Start.o
                0x00000d24                _sbrk
 .text.Start_c  0x00000d54       0x4c .\CortexM3\ARM_GCC_541\Debug\Cm3Start.o
                0x00000d54                Start_c
 .text.initialize_psoc
                0x00000da0       0x68 .\CortexM3\ARM_GCC_541\Debug\Cm3Start.o
                0x00000da0                initialize_psoc
 .text.Motor_1_IN_1_Write
                0x00000e08       0x18 .\CortexM3\ARM_GCC_541\Debug\Design01.a(Motor_1_IN_1.o)
                0x00000e08                Motor_1_IN_1_Write
 .text.Motor_1_IN_2_Write
                0x00000e20       0x18 .\CortexM3\ARM_GCC_541\Debug\Design01.a(Motor_1_IN_2.o)
                0x00000e20                Motor_1_IN_2_Write
 .text.CyDelay  0x00000e38       0x2c .\CortexM3\ARM_GCC_541\Debug\Design01.a(CyLib.o)
                0x00000e38                CyDelay
 .text.CyDelayUs
                0x00000e64       0x14 .\CortexM3\ARM_GCC_541\Debug\Design01.a(CyLib.o)
                0x00000e64                CyDelayUs
 .text.QuadDec_1_GetCounter
                0x00000e78       0x10 .\CortexM3\ARM_GCC_541\Debug\Design01.a(QuadDec_1.o)
                0x00000e78                QuadDec_1_GetCounter
 .text.QuadDec_1_SetCounter
                0x00000e88       0x1c .\CortexM3\ARM_GCC_541\Debug\Design01.a(QuadDec_1.o)
                0x00000e88                QuadDec_1_SetCounter
 .text.QuadDec_1_GetEvents
                0x00000ea4       0x10 .\CortexM3\ARM_GCC_541\Debug\Design01.a(QuadDec_1.o)
                0x00000ea4                QuadDec_1_GetEvents
 .text.QuadDec_1_SetInterruptMask
                0x00000eb4        0xc .\CortexM3\ARM_GCC_541\Debug\Design01.a(QuadDec_1.o)
                0x00000eb4                QuadDec_1_SetInterruptMask
 .text.QuadDec_1_Enable
                0x00000ec0       0x24 .\CortexM3\ARM_GCC_541\Debug\Design01.a(QuadDec_1.o)
                0x00000ec0                QuadDec_1_Enable
 .text.QuadDec_1_Start
                0x00000ee4       0x24 .\CortexM3\ARM_GCC_541\Debug\Design01.a(QuadDec_1.o)
                0x00000ee4                QuadDec_1_Start
 .text.QuadDec_1_Cnt16_Enable
                0x00000f08       0x10 .\CortexM3\ARM_GCC_541\Debug\Design01.a(QuadDec_1_Cnt16.o)
                0x00000f08                QuadDec_1_Cnt16_Enable
 .text.QuadDec_1_Cnt16_SetInterruptMode
                0x00000f18        0xc .\CortexM3\ARM_GCC_541\Debug\Design01.a(QuadDec_1_Cnt16.o)
                0x00000f18                QuadDec_1_Cnt16_SetInterruptMode
 .text.QuadDec_1_Cnt16_ReadStatusRegister
                0x00000f24        0xc .\CortexM3\ARM_GCC_541\Debug\Design01.a(QuadDec_1_Cnt16.o)
                0x00000f24                QuadDec_1_Cnt16_ReadStatusRegister
 .text.QuadDec_1_Cnt16_WriteCounter
                0x00000f30        0xc .\CortexM3\ARM_GCC_541\Debug\Design01.a(QuadDec_1_Cnt16.o)
                0x00000f30                QuadDec_1_Cnt16_WriteCounter
 .text.QuadDec_1_Cnt16_ReadCounter
                0x00000f3c       0x14 .\CortexM3\ARM_GCC_541\Debug\Design01.a(QuadDec_1_Cnt16.o)
                0x00000f3c                QuadDec_1_Cnt16_ReadCounter
 .text.QuadDec_1_Cnt16_ReadCapture
                0x00000f50        0xc .\CortexM3\ARM_GCC_541\Debug\Design01.a(QuadDec_1_Cnt16.o)
                0x00000f50                QuadDec_1_Cnt16_ReadCapture
 .text.QuadDec_1_Cnt16_WritePeriod
                0x00000f5c        0xc .\CortexM3\ARM_GCC_541\Debug\Design01.a(QuadDec_1_Cnt16.o)
                0x00000f5c                QuadDec_1_Cnt16_WritePeriod
 .text.QuadDec_1_Cnt16_WriteCompare
                0x00000f68        0xc .\CortexM3\ARM_GCC_541\Debug\Design01.a(QuadDec_1_Cnt16.o)
                0x00000f68                QuadDec_1_Cnt16_WriteCompare
 .text.QuadDec_1_Cnt16_ClearFIFO
                0x00000f74       0x14 .\CortexM3\ARM_GCC_541\Debug\Design01.a(QuadDec_1_Cnt16.o)
                0x00000f74                QuadDec_1_Cnt16_ClearFIFO
 .text.QuadDec_1_Cnt16_Init
                0x00000f88       0x58 .\CortexM3\ARM_GCC_541\Debug\Design01.a(QuadDec_1_Cnt16.o)
                0x00000f88                QuadDec_1_Cnt16_Init
 .text.QuadDec_1_Cnt16_Start
                0x00000fe0       0x1c .\CortexM3\ARM_GCC_541\Debug\Design01.a(QuadDec_1_Cnt16.o)
                0x00000fe0                QuadDec_1_Cnt16_Start
 .text.UART_1_Init
                0x00000ffc       0x2c .\CortexM3\ARM_GCC_541\Debug\Design01.a(UART_1.o)
                0x00000ffc                UART_1_Init
 .text.UART_1_Enable
                0x00001028       0x38 .\CortexM3\ARM_GCC_541\Debug\Design01.a(UART_1.o)
                0x00001028                UART_1_Enable
 .text.UART_1_Start
                0x00001060       0x1c .\CortexM3\ARM_GCC_541\Debug\Design01.a(UART_1.o)
                0x00001060                UART_1_Start
 .text.UART_1_PutChar
                0x0000107c       0x18 .\CortexM3\ARM_GCC_541\Debug\Design01.a(UART_1.o)
                0x0000107c                UART_1_PutChar
 .text.UART_1_PutString
                0x00001094       0x24 .\CortexM3\ARM_GCC_541\Debug\Design01.a(UART_1.o)
                0x00001094                UART_1_PutString
 .text.UART_1_IntClock_Start
                0x000010b8       0x1c .\CortexM3\ARM_GCC_541\Debug\Design01.a(UART_1_IntClock.o)
                0x000010b8                UART_1_IntClock_Start
 .text.QuadDec_2_GetCounter
                0x000010d4       0x10 .\CortexM3\ARM_GCC_541\Debug\Design01.a(QuadDec_2.o)
                0x000010d4                QuadDec_2_GetCounter
 .text.QuadDec_2_SetCounter
                0x000010e4       0x1c .\CortexM3\ARM_GCC_541\Debug\Design01.a(QuadDec_2.o)
                0x000010e4                QuadDec_2_SetCounter
 .text.QuadDec_2_GetEvents
                0x00001100       0x10 .\CortexM3\ARM_GCC_541\Debug\Design01.a(QuadDec_2.o)
                0x00001100                QuadDec_2_GetEvents
 .text.QuadDec_2_SetInterruptMask
                0x00001110        0xc .\CortexM3\ARM_GCC_541\Debug\Design01.a(QuadDec_2.o)
                0x00001110                QuadDec_2_SetInterruptMask
 .text.QuadDec_2_Enable
                0x0000111c       0x24 .\CortexM3\ARM_GCC_541\Debug\Design01.a(QuadDec_2.o)
                0x0000111c                QuadDec_2_Enable
 .text.QuadDec_2_Start
                0x00001140       0x24 .\CortexM3\ARM_GCC_541\Debug\Design01.a(QuadDec_2.o)
                0x00001140                QuadDec_2_Start
 .text.QuadDec_2_Cnt16_Enable
                0x00001164       0x10 .\CortexM3\ARM_GCC_541\Debug\Design01.a(QuadDec_2_Cnt16.o)
                0x00001164                QuadDec_2_Cnt16_Enable
 .text.QuadDec_2_Cnt16_SetInterruptMode
                0x00001174        0xc .\CortexM3\ARM_GCC_541\Debug\Design01.a(QuadDec_2_Cnt16.o)
                0x00001174                QuadDec_2_Cnt16_SetInterruptMode
 .text.QuadDec_2_Cnt16_ReadStatusRegister
                0x00001180        0xc .\CortexM3\ARM_GCC_541\Debug\Design01.a(QuadDec_2_Cnt16.o)
                0x00001180                QuadDec_2_Cnt16_ReadStatusRegister
 .text.QuadDec_2_Cnt16_WriteCounter
                0x0000118c        0xc .\CortexM3\ARM_GCC_541\Debug\Design01.a(QuadDec_2_Cnt16.o)
                0x0000118c                QuadDec_2_Cnt16_WriteCounter
 .text.QuadDec_2_Cnt16_ReadCounter
                0x00001198       0x14 .\CortexM3\ARM_GCC_541\Debug\Design01.a(QuadDec_2_Cnt16.o)
                0x00001198                QuadDec_2_Cnt16_ReadCounter
 .text.QuadDec_2_Cnt16_ReadCapture
                0x000011ac        0xc .\CortexM3\ARM_GCC_541\Debug\Design01.a(QuadDec_2_Cnt16.o)
                0x000011ac                QuadDec_2_Cnt16_ReadCapture
 .text.QuadDec_2_Cnt16_WritePeriod
                0x000011b8        0xc .\CortexM3\ARM_GCC_541\Debug\Design01.a(QuadDec_2_Cnt16.o)
                0x000011b8                QuadDec_2_Cnt16_WritePeriod
 .text.QuadDec_2_Cnt16_WriteCompare
                0x000011c4        0xc .\CortexM3\ARM_GCC_541\Debug\Design01.a(QuadDec_2_Cnt16.o)
                0x000011c4                QuadDec_2_Cnt16_WriteCompare
 .text.QuadDec_2_Cnt16_ClearFIFO
                0x000011d0       0x14 .\CortexM3\ARM_GCC_541\Debug\Design01.a(QuadDec_2_Cnt16.o)
                0x000011d0                QuadDec_2_Cnt16_ClearFIFO
 .text.QuadDec_2_Cnt16_Init
                0x000011e4       0x58 .\CortexM3\ARM_GCC_541\Debug\Design01.a(QuadDec_2_Cnt16.o)
                0x000011e4                QuadDec_2_Cnt16_Init
 .text.QuadDec_2_Cnt16_Start
                0x0000123c       0x1c .\CortexM3\ARM_GCC_541\Debug\Design01.a(QuadDec_2_Cnt16.o)
                0x0000123c                QuadDec_2_Cnt16_Start
 .text.Motor_2_IN_3_Write
                0x00001258       0x18 .\CortexM3\ARM_GCC_541\Debug\Design01.a(Motor_2_IN_3.o)
                0x00001258                Motor_2_IN_3_Write
 .text.Motor_2_IN_4_Write
                0x00001270       0x18 .\CortexM3\ARM_GCC_541\Debug\Design01.a(Motor_2_IN_4.o)
                0x00001270                Motor_2_IN_4_Write
 .text.PWM_Master_Enable
                0x00001288       0x28 .\CortexM3\ARM_GCC_541\Debug\Design01.a(PWM_Master.o)
                0x00001288                PWM_Master_Enable
 .text.PWM_Master_WritePeriod
                0x000012b0        0xc .\CortexM3\ARM_GCC_541\Debug\Design01.a(PWM_Master.o)
                0x000012b0                PWM_Master_WritePeriod
 .text.PWM_Master_WriteCompare
                0x000012bc        0xc .\CortexM3\ARM_GCC_541\Debug\Design01.a(PWM_Master.o)
                0x000012bc                PWM_Master_WriteCompare
 .text.PWM_Master_SetInterruptMode
                0x000012c8        0xc .\CortexM3\ARM_GCC_541\Debug\Design01.a(PWM_Master.o)
                0x000012c8                PWM_Master_SetInterruptMode
 .text.PWM_Master_Init
                0x000012d4       0x78 .\CortexM3\ARM_GCC_541\Debug\Design01.a(PWM_Master.o)
                0x000012d4                PWM_Master_Init
 .text.PWM_Master_Start
                0x0000134c       0x1c .\CortexM3\ARM_GCC_541\Debug\Design01.a(PWM_Master.o)
                0x0000134c                PWM_Master_Start
 .text.PWM_Slave_Enable
                0x00001368       0x28 .\CortexM3\ARM_GCC_541\Debug\Design01.a(PWM_Slave.o)
                0x00001368                PWM_Slave_Enable
 .text.PWM_Slave_WritePeriod
                0x00001390        0xc .\CortexM3\ARM_GCC_541\Debug\Design01.a(PWM_Slave.o)
                0x00001390                PWM_Slave_WritePeriod
 .text.PWM_Slave_WriteCompare
                0x0000139c        0xc .\CortexM3\ARM_GCC_541\Debug\Design01.a(PWM_Slave.o)
                0x0000139c                PWM_Slave_WriteCompare
 .text.PWM_Slave_SetInterruptMode
                0x000013a8        0xc .\CortexM3\ARM_GCC_541\Debug\Design01.a(PWM_Slave.o)
                0x000013a8                PWM_Slave_SetInterruptMode
 .text.PWM_Slave_Init
                0x000013b4       0x78 .\CortexM3\ARM_GCC_541\Debug\Design01.a(PWM_Slave.o)
                0x000013b4                PWM_Slave_Init
 .text.PWM_Slave_Start
                0x0000142c       0x1c .\CortexM3\ARM_GCC_541\Debug\Design01.a(PWM_Slave.o)
                0x0000142c                PWM_Slave_Start
 .text.Timer_1_Enable
                0x00001448       0x10 .\CortexM3\ARM_GCC_541\Debug\Design01.a(Timer_1.o)
                0x00001448                Timer_1_Enable
 .text.Timer_1_SetInterruptMode
                0x00001458        0xc .\CortexM3\ARM_GCC_541\Debug\Design01.a(Timer_1.o)
                0x00001458                Timer_1_SetInterruptMode
 .text.Timer_1_ReadStatusRegister
                0x00001464        0xc .\CortexM3\ARM_GCC_541\Debug\Design01.a(Timer_1.o)
                0x00001464                Timer_1_ReadStatusRegister
 .text.Timer_1_WritePeriod
                0x00001470       0x10 .\CortexM3\ARM_GCC_541\Debug\Design01.a(Timer_1.o)
                0x00001470                Timer_1_WritePeriod
 .text.Timer_1_ReadCapture
                0x00001480       0x10 .\CortexM3\ARM_GCC_541\Debug\Design01.a(Timer_1.o)
                0x00001480                Timer_1_ReadCapture
 .text.Timer_1_WriteCounter
                0x00001490       0x10 .\CortexM3\ARM_GCC_541\Debug\Design01.a(Timer_1.o)
                0x00001490                Timer_1_WriteCounter
 .text.Timer_1_ClearFIFO
                0x000014a0       0x14 .\CortexM3\ARM_GCC_541\Debug\Design01.a(Timer_1.o)
                0x000014a0                Timer_1_ClearFIFO
 .text.Timer_1_Init
                0x000014b4       0x34 .\CortexM3\ARM_GCC_541\Debug\Design01.a(Timer_1.o)
                0x000014b4                Timer_1_Init
 .text.Timer_1_Start
                0x000014e8       0x1c .\CortexM3\ARM_GCC_541\Debug\Design01.a(Timer_1.o)
                0x000014e8                Timer_1_Start
 .text.isr_1_SetVector
                0x00001504        0xc .\CortexM3\ARM_GCC_541\Debug\Design01.a(isr_1.o)
                0x00001504                isr_1_SetVector
 .text.isr_1_SetPriority
                0x00001510       0x10 .\CortexM3\ARM_GCC_541\Debug\Design01.a(isr_1.o)
                0x00001510                isr_1_SetPriority
 .text.isr_1_Enable
                0x00001520        0xc .\CortexM3\ARM_GCC_541\Debug\Design01.a(isr_1.o)
                0x00001520                isr_1_Enable
 .text.isr_1_Disable
                0x0000152c        0xc .\CortexM3\ARM_GCC_541\Debug\Design01.a(isr_1.o)
                0x0000152c                isr_1_Disable
 .text.isr_1_StartEx
                0x00001538       0x1c .\CortexM3\ARM_GCC_541\Debug\Design01.a(isr_1.o)
                0x00001538                isr_1_StartEx
 .text.Timer_2_Enable
                0x00001554       0x10 .\CortexM3\ARM_GCC_541\Debug\Design01.a(Timer_2.o)
                0x00001554                Timer_2_Enable
 .text.Timer_2_SetInterruptMode
                0x00001564        0xc .\CortexM3\ARM_GCC_541\Debug\Design01.a(Timer_2.o)
                0x00001564                Timer_2_SetInterruptMode
 .text.Timer_2_ReadStatusRegister
                0x00001570        0xc .\CortexM3\ARM_GCC_541\Debug\Design01.a(Timer_2.o)
                0x00001570                Timer_2_ReadStatusRegister
 .text.Timer_2_WritePeriod
                0x0000157c        0xc .\CortexM3\ARM_GCC_541\Debug\Design01.a(Timer_2.o)
                0x0000157c                Timer_2_WritePeriod
 .text.Timer_2_ReadCapture
                0x00001588        0xc .\CortexM3\ARM_GCC_541\Debug\Design01.a(Timer_2.o)
                0x00001588                Timer_2_ReadCapture
 .text.Timer_2_WriteCounter
                0x00001594        0xc .\CortexM3\ARM_GCC_541\Debug\Design01.a(Timer_2.o)
                0x00001594                Timer_2_WriteCounter
 .text.Timer_2_ReadCounter
                0x000015a0       0x14 .\CortexM3\ARM_GCC_541\Debug\Design01.a(Timer_2.o)
                0x000015a0                Timer_2_ReadCounter
 .text.Timer_2_SetInterruptCount
                0x000015b4       0x1c .\CortexM3\ARM_GCC_541\Debug\Design01.a(Timer_2.o)
                0x000015b4                Timer_2_SetInterruptCount
 .text.Timer_2_ClearFIFO
                0x000015d0       0x14 .\CortexM3\ARM_GCC_541\Debug\Design01.a(Timer_2.o)
                0x000015d0                Timer_2_ClearFIFO
 .text.Timer_2_Init
                0x000015e4       0x3c .\CortexM3\ARM_GCC_541\Debug\Design01.a(Timer_2.o)
                0x000015e4                Timer_2_Init
 .text.Timer_2_Start
                0x00001620       0x1c .\CortexM3\ARM_GCC_541\Debug\Design01.a(Timer_2.o)
                0x00001620                Timer_2_Start
 .text.isr_2_SetVector
                0x0000163c        0xc .\CortexM3\ARM_GCC_541\Debug\Design01.a(isr_2.o)
                0x0000163c                isr_2_SetVector
 .text.isr_2_SetPriority
                0x00001648       0x10 .\CortexM3\ARM_GCC_541\Debug\Design01.a(isr_2.o)
                0x00001648                isr_2_SetPriority
 .text.isr_2_Enable
                0x00001658        0xc .\CortexM3\ARM_GCC_541\Debug\Design01.a(isr_2.o)
                0x00001658                isr_2_Enable
 .text.isr_2_Disable
                0x00001664        0xc .\CortexM3\ARM_GCC_541\Debug\Design01.a(isr_2.o)
                0x00001664                isr_2_Disable
 .text.isr_2_StartEx
                0x00001670       0x1c .\CortexM3\ARM_GCC_541\Debug\Design01.a(isr_2.o)
                0x00001670                isr_2_StartEx
 .text.Timer_3_Enable
                0x0000168c       0x10 .\CortexM3\ARM_GCC_541\Debug\Design01.a(Timer_3.o)
                0x0000168c                Timer_3_Enable
 .text.Timer_3_SetInterruptMode
                0x0000169c        0xc .\CortexM3\ARM_GCC_541\Debug\Design01.a(Timer_3.o)
                0x0000169c                Timer_3_SetInterruptMode
 .text.Timer_3_ReadStatusRegister
                0x000016a8        0xc .\CortexM3\ARM_GCC_541\Debug\Design01.a(Timer_3.o)
                0x000016a8                Timer_3_ReadStatusRegister
 .text.Timer_3_WritePeriod
                0x000016b4        0xc .\CortexM3\ARM_GCC_541\Debug\Design01.a(Timer_3.o)
                0x000016b4                Timer_3_WritePeriod
 .text.Timer_3_ReadCapture
                0x000016c0        0xc .\CortexM3\ARM_GCC_541\Debug\Design01.a(Timer_3.o)
                0x000016c0                Timer_3_ReadCapture
 .text.Timer_3_WriteCounter
                0x000016cc        0xc .\CortexM3\ARM_GCC_541\Debug\Design01.a(Timer_3.o)
                0x000016cc                Timer_3_WriteCounter
 .text.Timer_3_SetInterruptCount
                0x000016d8       0x1c .\CortexM3\ARM_GCC_541\Debug\Design01.a(Timer_3.o)
                0x000016d8                Timer_3_SetInterruptCount
 .text.Timer_3_ClearFIFO
                0x000016f4       0x14 .\CortexM3\ARM_GCC_541\Debug\Design01.a(Timer_3.o)
                0x000016f4                Timer_3_ClearFIFO
 .text.Timer_3_Init
                0x00001708       0x3c .\CortexM3\ARM_GCC_541\Debug\Design01.a(Timer_3.o)
                0x00001708                Timer_3_Init
 .text.Timer_3_Start
                0x00001744       0x1c .\CortexM3\ARM_GCC_541\Debug\Design01.a(Timer_3.o)
                0x00001744                Timer_3_Start
 .text.Right_Echo_Read
                0x00001760        0xc .\CortexM3\ARM_GCC_541\Debug\Design01.a(Right_Echo.o)
                0x00001760                Right_Echo_Read
 .text.isr_3_SetVector
                0x0000176c        0xc .\CortexM3\ARM_GCC_541\Debug\Design01.a(isr_3.o)
                0x0000176c                isr_3_SetVector
 .text.isr_3_SetPriority
                0x00001778       0x10 .\CortexM3\ARM_GCC_541\Debug\Design01.a(isr_3.o)
                0x00001778                isr_3_SetPriority
 .text.isr_3_Enable
                0x00001788        0xc .\CortexM3\ARM_GCC_541\Debug\Design01.a(isr_3.o)
                0x00001788                isr_3_Enable
 .text.isr_3_Disable
                0x00001794        0xc .\CortexM3\ARM_GCC_541\Debug\Design01.a(isr_3.o)
                0x00001794                isr_3_Disable
 .text.isr_3_StartEx
                0x000017a0       0x1c .\CortexM3\ARM_GCC_541\Debug\Design01.a(isr_3.o)
                0x000017a0                isr_3_StartEx
 .text.Timer_4_Enable
                0x000017bc       0x10 .\CortexM3\ARM_GCC_541\Debug\Design01.a(Timer_4.o)
                0x000017bc                Timer_4_Enable
 .text.Timer_4_SetInterruptMode
                0x000017cc        0xc .\CortexM3\ARM_GCC_541\Debug\Design01.a(Timer_4.o)
                0x000017cc                Timer_4_SetInterruptMode
 .text.Timer_4_ReadStatusRegister
                0x000017d8        0xc .\CortexM3\ARM_GCC_541\Debug\Design01.a(Timer_4.o)
                0x000017d8                Timer_4_ReadStatusRegister
 .text.Timer_4_WritePeriod
                0x000017e4        0xc .\CortexM3\ARM_GCC_541\Debug\Design01.a(Timer_4.o)
                0x000017e4                Timer_4_WritePeriod
 .text.Timer_4_ReadCapture
                0x000017f0        0xc .\CortexM3\ARM_GCC_541\Debug\Design01.a(Timer_4.o)
                0x000017f0                Timer_4_ReadCapture
 .text.Timer_4_WriteCounter
                0x000017fc        0xc .\CortexM3\ARM_GCC_541\Debug\Design01.a(Timer_4.o)
                0x000017fc                Timer_4_WriteCounter
 .text.Timer_4_SetInterruptCount
                0x00001808       0x1c .\CortexM3\ARM_GCC_541\Debug\Design01.a(Timer_4.o)
                0x00001808                Timer_4_SetInterruptCount
 .text.Timer_4_ClearFIFO
                0x00001824       0x14 .\CortexM3\ARM_GCC_541\Debug\Design01.a(Timer_4.o)
                0x00001824                Timer_4_ClearFIFO
 .text.Timer_4_Init
                0x00001838       0x3c .\CortexM3\ARM_GCC_541\Debug\Design01.a(Timer_4.o)
                0x00001838                Timer_4_Init
 .text.Timer_4_Start
                0x00001874       0x1c .\CortexM3\ARM_GCC_541\Debug\Design01.a(Timer_4.o)
                0x00001874                Timer_4_Start
 .text.isr_4_SetVector
                0x00001890        0xc .\CortexM3\ARM_GCC_541\Debug\Design01.a(isr_4.o)
                0x00001890                isr_4_SetVector
 .text.isr_4_SetPriority
                0x0000189c       0x10 .\CortexM3\ARM_GCC_541\Debug\Design01.a(isr_4.o)
                0x0000189c                isr_4_SetPriority
 .text.isr_4_Enable
                0x000018ac        0xc .\CortexM3\ARM_GCC_541\Debug\Design01.a(isr_4.o)
                0x000018ac                isr_4_Enable
 .text.isr_4_Disable
                0x000018b8        0xc .\CortexM3\ARM_GCC_541\Debug\Design01.a(isr_4.o)
                0x000018b8                isr_4_Disable
 .text.isr_4_StartEx
                0x000018c4       0x1c .\CortexM3\ARM_GCC_541\Debug\Design01.a(isr_4.o)
                0x000018c4                isr_4_StartEx
 .text.Timer_5_Enable
                0x000018e0       0x10 .\CortexM3\ARM_GCC_541\Debug\Design01.a(Timer_5.o)
                0x000018e0                Timer_5_Enable
 .text.Timer_5_SetInterruptMode
                0x000018f0        0xc .\CortexM3\ARM_GCC_541\Debug\Design01.a(Timer_5.o)
                0x000018f0                Timer_5_SetInterruptMode
 .text.Timer_5_ReadStatusRegister
                0x000018fc        0xc .\CortexM3\ARM_GCC_541\Debug\Design01.a(Timer_5.o)
                0x000018fc                Timer_5_ReadStatusRegister
 .text.Timer_5_WritePeriod
                0x00001908        0xc .\CortexM3\ARM_GCC_541\Debug\Design01.a(Timer_5.o)
                0x00001908                Timer_5_WritePeriod
 .text.Timer_5_ReadCapture
                0x00001914        0xc .\CortexM3\ARM_GCC_541\Debug\Design01.a(Timer_5.o)
                0x00001914                Timer_5_ReadCapture
 .text.Timer_5_WriteCounter
                0x00001920        0xc .\CortexM3\ARM_GCC_541\Debug\Design01.a(Timer_5.o)
                0x00001920                Timer_5_WriteCounter
 .text.Timer_5_SetInterruptCount
                0x0000192c       0x1c .\CortexM3\ARM_GCC_541\Debug\Design01.a(Timer_5.o)
                0x0000192c                Timer_5_SetInterruptCount
 .text.Timer_5_ClearFIFO
                0x00001948       0x14 .\CortexM3\ARM_GCC_541\Debug\Design01.a(Timer_5.o)
                0x00001948                Timer_5_ClearFIFO
 .text.Timer_5_Init
                0x0000195c       0x3c .\CortexM3\ARM_GCC_541\Debug\Design01.a(Timer_5.o)
                0x0000195c                Timer_5_Init
 .text.Timer_5_Start
                0x00001998       0x1c .\CortexM3\ARM_GCC_541\Debug\Design01.a(Timer_5.o)
                0x00001998                Timer_5_Start
 .text.Front_Echo_1_Read
                0x000019b4       0x10 .\CortexM3\ARM_GCC_541\Debug\Design01.a(Front_Echo_1.o)
                0x000019b4                Front_Echo_1_Read
 .text.isr_5_SetVector
                0x000019c4        0xc .\CortexM3\ARM_GCC_541\Debug\Design01.a(isr_5.o)
                0x000019c4                isr_5_SetVector
 .text.isr_5_SetPriority
                0x000019d0       0x10 .\CortexM3\ARM_GCC_541\Debug\Design01.a(isr_5.o)
                0x000019d0                isr_5_SetPriority
 .text.isr_5_Enable
                0x000019e0        0xc .\CortexM3\ARM_GCC_541\Debug\Design01.a(isr_5.o)
                0x000019e0                isr_5_Enable
 .text.isr_5_Disable
                0x000019ec        0xc .\CortexM3\ARM_GCC_541\Debug\Design01.a(isr_5.o)
                0x000019ec                isr_5_Disable
 .text.isr_5_StartEx
                0x000019f8       0x1c .\CortexM3\ARM_GCC_541\Debug\Design01.a(isr_5.o)
                0x000019f8                isr_5_StartEx
 .text.Right_Trigger_Write
                0x00001a14       0x18 .\CortexM3\ARM_GCC_541\Debug\Design01.a(Right_Trigger.o)
                0x00001a14                Right_Trigger_Write
 .text.PWM_ColorSensor_Enable
                0x00001a2c       0x10 .\CortexM3\ARM_GCC_541\Debug\Design01.a(PWM_ColorSensor.o)
                0x00001a2c                PWM_ColorSensor_Enable
 .text.PWM_ColorSensor_WriteCounter
                0x00001a3c        0xc .\CortexM3\ARM_GCC_541\Debug\Design01.a(PWM_ColorSensor.o)
                0x00001a3c                PWM_ColorSensor_WriteCounter
 .text.PWM_ColorSensor_WritePeriod
                0x00001a48        0xc .\CortexM3\ARM_GCC_541\Debug\Design01.a(PWM_ColorSensor.o)
                0x00001a48                PWM_ColorSensor_WritePeriod
 .text.PWM_ColorSensor_WriteCompare
                0x00001a54        0xc .\CortexM3\ARM_GCC_541\Debug\Design01.a(PWM_ColorSensor.o)
                0x00001a54                PWM_ColorSensor_WriteCompare
 .text.PWM_ColorSensor_SetInterruptMode
                0x00001a60        0xc .\CortexM3\ARM_GCC_541\Debug\Design01.a(PWM_ColorSensor.o)
                0x00001a60                PWM_ColorSensor_SetInterruptMode
 .text.PWM_ColorSensor_ReadStatusRegister
                0x00001a6c        0xc .\CortexM3\ARM_GCC_541\Debug\Design01.a(PWM_ColorSensor.o)
                0x00001a6c                PWM_ColorSensor_ReadStatusRegister
 .text.PWM_ColorSensor_ReadCapture
                0x00001a78        0xc .\CortexM3\ARM_GCC_541\Debug\Design01.a(PWM_ColorSensor.o)
                0x00001a78                PWM_ColorSensor_ReadCapture
 .text.PWM_ColorSensor_ClearFIFO
                0x00001a84       0x14 .\CortexM3\ARM_GCC_541\Debug\Design01.a(PWM_ColorSensor.o)
                0x00001a84                PWM_ColorSensor_ClearFIFO
 .text.PWM_ColorSensor_Init
                0x00001a98       0x60 .\CortexM3\ARM_GCC_541\Debug\Design01.a(PWM_ColorSensor.o)
                0x00001a98                PWM_ColorSensor_Init
 .text.PWM_ColorSensor_Start
                0x00001af8       0x1c .\CortexM3\ARM_GCC_541\Debug\Design01.a(PWM_ColorSensor.o)
                0x00001af8                PWM_ColorSensor_Start
 .text.Counter_ColorSensor_Enable
                0x00001b14       0x10 .\CortexM3\ARM_GCC_541\Debug\Design01.a(Counter_ColorSensor.o)
                0x00001b14                Counter_ColorSensor_Enable
 .text.Counter_ColorSensor_SetInterruptMode
                0x00001b24        0xc .\CortexM3\ARM_GCC_541\Debug\Design01.a(Counter_ColorSensor.o)
                0x00001b24                Counter_ColorSensor_SetInterruptMode
 .text.Counter_ColorSensor_ReadStatusRegister
                0x00001b30        0xc .\CortexM3\ARM_GCC_541\Debug\Design01.a(Counter_ColorSensor.o)
                0x00001b30                Counter_ColorSensor_ReadStatusRegister
 .text.Counter_ColorSensor_WriteCounter
                0x00001b3c        0xc .\CortexM3\ARM_GCC_541\Debug\Design01.a(Counter_ColorSensor.o)
                0x00001b3c                Counter_ColorSensor_WriteCounter
 .text.Counter_ColorSensor_ReadCapture
                0x00001b48        0xc .\CortexM3\ARM_GCC_541\Debug\Design01.a(Counter_ColorSensor.o)
                0x00001b48                Counter_ColorSensor_ReadCapture
 .text.Counter_ColorSensor_WritePeriod
                0x00001b54        0xc .\CortexM3\ARM_GCC_541\Debug\Design01.a(Counter_ColorSensor.o)
                0x00001b54                Counter_ColorSensor_WritePeriod
 .text.Counter_ColorSensor_WriteCompare
                0x00001b60        0xc .\CortexM3\ARM_GCC_541\Debug\Design01.a(Counter_ColorSensor.o)
                0x00001b60                Counter_ColorSensor_WriteCompare
 .text.Counter_ColorSensor_ClearFIFO
                0x00001b6c       0x14 .\CortexM3\ARM_GCC_541\Debug\Design01.a(Counter_ColorSensor.o)
                0x00001b6c                Counter_ColorSensor_ClearFIFO
 .text.Counter_ColorSensor_Init
                0x00001b80       0x5c .\CortexM3\ARM_GCC_541\Debug\Design01.a(Counter_ColorSensor.o)
                0x00001b80                Counter_ColorSensor_Init
 .text.Counter_ColorSensor_Start
                0x00001bdc       0x1c .\CortexM3\ARM_GCC_541\Debug\Design01.a(Counter_ColorSensor.o)
                0x00001bdc                Counter_ColorSensor_Start
 .text.isr_6_SetVector
                0x00001bf8        0xc .\CortexM3\ARM_GCC_541\Debug\Design01.a(isr_6.o)
                0x00001bf8                isr_6_SetVector
 .text.isr_6_SetPriority
                0x00001c04       0x10 .\CortexM3\ARM_GCC_541\Debug\Design01.a(isr_6.o)
                0x00001c04                isr_6_SetPriority
 .text.isr_6_Enable
                0x00001c14        0xc .\CortexM3\ARM_GCC_541\Debug\Design01.a(isr_6.o)
                0x00001c14                isr_6_Enable
 .text.isr_6_Disable
                0x00001c20        0xc .\CortexM3\ARM_GCC_541\Debug\Design01.a(isr_6.o)
                0x00001c20                isr_6_Disable
 .text.isr_6_StartEx
                0x00001c2c       0x1c .\CortexM3\ARM_GCC_541\Debug\Design01.a(isr_6.o)
                0x00001c2c                isr_6_StartEx
 .text.Control_Reg_1_Write
                0x00001c48        0xc .\CortexM3\ARM_GCC_541\Debug\Design01.a(Control_Reg_1.o)
                0x00001c48                Control_Reg_1_Write
 .text.S1_Write
                0x00001c54       0x18 .\CortexM3\ARM_GCC_541\Debug\Design01.a(S1.o)
                0x00001c54                S1_Write
 .text.S2_Write
                0x00001c6c       0x18 .\CortexM3\ARM_GCC_541\Debug\Design01.a(S2.o)
                0x00001c6c                S2_Write
 .text.S0_Write
                0x00001c84       0x18 .\CortexM3\ARM_GCC_541\Debug\Design01.a(S0.o)
                0x00001c84                S0_Write
 .text.S3_Write
                0x00001c9c       0x18 .\CortexM3\ARM_GCC_541\Debug\Design01.a(S3.o)
                0x00001c9c                S3_Write
 .text.CS_LED_Write
                0x00001cb4       0x18 .\CortexM3\ARM_GCC_541\Debug\Design01.a(CS_LED.o)
                0x00001cb4                CS_LED_Write
 .text.IR_input_Read
                0x00001ccc        0xc .\CortexM3\ARM_GCC_541\Debug\Design01.a(IR_input.o)
                0x00001ccc                IR_input_Read
 .text.led_green_Write
                0x00001cd8       0x18 .\CortexM3\ARM_GCC_541\Debug\Design01.a(led_green.o)
                0x00001cd8                led_green_Write
 .text.led_red_Write
                0x00001cf0       0x18 .\CortexM3\ARM_GCC_541\Debug\Design01.a(led_red.o)
                0x00001cf0                led_red_Write
 .text.led_blue_Write
                0x00001d08       0x18 .\CortexM3\ARM_GCC_541\Debug\Design01.a(led_blue.o)
                0x00001d08                led_blue_Write
 .text.Front_Trigger_1_Write
                0x00001d20       0x18 .\CortexM3\ARM_GCC_541\Debug\Design01.a(Front_Trigger_1.o)
                0x00001d20                Front_Trigger_1_Write
 .text          0x00001d38       0x20 .\CortexM3\ARM_GCC_541\Debug\Design01.a(CyBootAsmGnu.o)
                0x00001d38                CyDelayCycles
                0x00001d48                CyEnterCriticalSection
                0x00001d50                CyExitCriticalSection
 .text.CySetReg24
                0x00001d58       0x14 .\CortexM3\ARM_GCC_541\Debug\Design01.a(cyutils.o)
                0x00001d58                CySetReg24
 .text          0x00001d6c      0x370 c:/program files (x86)/cypress/psoc creator/4.4/psoc creator/import/gnu/arm/5.4.1/bin/../lib/gcc/arm-none-eabi/5.4.1/armv7-m\libgcc.a(_arm_addsubdf3.o)
                0x00001d6c                __aeabi_drsub
                0x00001d74                __aeabi_dsub
                0x00001d74                __subdf3
                0x00001d78                __aeabi_dadd
                0x00001d78                __adddf3
                0x00001ff0                __floatunsidf
                0x00001ff0                __aeabi_ui2d
                0x00002010                __floatsidf
                0x00002010                __aeabi_i2d
                0x00002034                __aeabi_f2d
                0x00002034                __extendsfdf2
                0x00002070                __floatundidf
                0x00002070                __aeabi_ul2d
                0x00002080                __floatdidf
                0x00002080                __aeabi_l2d
 .text          0x000020dc      0x424 c:/program files (x86)/cypress/psoc creator/4.4/psoc creator/import/gnu/arm/5.4.1/bin/../lib/gcc/arm-none-eabi/5.4.1/armv7-m\libgcc.a(_arm_muldivdf3.o)
                0x000020dc                __aeabi_dmul
                0x000020dc                __muldf3
                0x00002330                __divdf3
                0x00002330                __aeabi_ddiv
 .text          0x00002500       0xa0 c:/program files (x86)/cypress/psoc creator/4.4/psoc creator/import/gnu/arm/5.4.1/bin/../lib/gcc/arm-none-eabi/5.4.1/armv7-m\libgcc.a(_arm_truncdfsf2.o)
                0x00002500                __truncdfsf2
                0x00002500                __aeabi_d2f
 .text          0x000025a0      0x21c c:/program files (x86)/cypress/psoc creator/4.4/psoc creator/import/gnu/arm/5.4.1/bin/../lib/gcc/arm-none-eabi/5.4.1/armv7-m\libgcc.a(_arm_addsubsf3.o)
                0x000025a0                __aeabi_frsub
                0x000025a8                __subsf3
                0x000025a8                __aeabi_fsub
                0x000025ac                __aeabi_fadd
                0x000025ac                __addsf3
                0x0000270c                __aeabi_ui2f
                0x0000270c                __floatunsisf
                0x00002714                __aeabi_i2f
                0x00002714                __floatsisf
                0x00002730                __aeabi_ul2f
                0x00002730                __floatundisf
                0x00002740                __aeabi_l2f
                0x00002740                __floatdisf
 .text          0x000027bc       0xec c:/program files (x86)/cypress/psoc creator/4.4/psoc creator/import/gnu/arm/5.4.1/bin/../lib/gcc/arm-none-eabi/5.4.1/armv7-m\libgcc.a(_arm_cmpsf2.o)
                0x000027bc                __gesf2
                0x000027bc                __gtsf2
                0x000027c4                __lesf2
                0x000027c4                __ltsf2
                0x000027cc                __nesf2
                0x000027cc                __eqsf2
                0x000027cc                __cmpsf2
                0x0000282c                __aeabi_cfrcmple
                0x00002834                __aeabi_cfcmpeq
                0x00002834                __aeabi_cfcmple
                0x00002844                __aeabi_fcmpeq
                0x00002858                __aeabi_fcmplt
                0x0000286c                __aeabi_fcmple
                0x00002880                __aeabi_fcmpge
                0x00002894                __aeabi_fcmpgt
 .text          0x000028a8       0x40 c:/program files (x86)/cypress/psoc creator/4.4/psoc creator/import/gnu/arm/5.4.1/bin/../lib/gcc/arm-none-eabi/5.4.1/armv7-m\libgcc.a(_arm_fixunssfsi.o)
                0x000028a8                __fixunssfsi
                0x000028a8                __aeabi_f2uiz
 .text.__errno  0x000028e8        0xc c:/program files (x86)/cypress/psoc creator/4.4/psoc creator/import/gnu/arm/5.4.1/bin/../lib/gcc/arm-none-eabi/5.4.1/../../../../arm-none-eabi/lib/armv7-m\libg_nano.a(lib_a-errno.o)
                0x000028e8                __errno
 .text.__libc_init_array
                0x000028f4       0x4c c:/program files (x86)/cypress/psoc creator/4.4/psoc creator/import/gnu/arm/5.4.1/bin/../lib/gcc/arm-none-eabi/5.4.1/../../../../arm-none-eabi/lib/armv7-m\libg_nano.a(lib_a-init.o)
                0x000028f4                __libc_init_array
 .text.memcpy   0x00002940       0x16 c:/program files (x86)/cypress/psoc creator/4.4/psoc creator/import/gnu/arm/5.4.1/bin/../lib/gcc/arm-none-eabi/5.4.1/../../../../arm-none-eabi/lib/armv7-m\libg_nano.a(lib_a-memcpy-stub.o)
                0x00002940                memcpy
 .text.memset   0x00002956       0x10 c:/program files (x86)/cypress/psoc creator/4.4/psoc creator/import/gnu/arm/5.4.1/bin/../lib/gcc/arm-none-eabi/5.4.1/../../../../arm-none-eabi/lib/armv7-m\libg_nano.a(lib_a-memset.o)
                0x00002956                memset
 .text.__cvt    0x00002966       0xc0 c:/program files (x86)/cypress/psoc creator/4.4/psoc creator/import/gnu/arm/5.4.1/bin/../lib/gcc/arm-none-eabi/5.4.1/../../../../arm-none-eabi/lib/armv7-m\libg_nano.a(lib_a-nano-vfprintf_float.o)
                0x00002966                __cvt
 .text.__exponent
                0x00002a26       0x62 c:/program files (x86)/cypress/psoc creator/4.4/psoc creator/import/gnu/arm/5.4.1/bin/../lib/gcc/arm-none-eabi/5.4.1/../../../../arm-none-eabi/lib/armv7-m\libg_nano.a(lib_a-nano-vfprintf_float.o)
                0x00002a26                __exponent
 .text._printf_float
                0x00002a88      0x488 c:/program files (x86)/cypress/psoc creator/4.4/psoc creator/import/gnu/arm/5.4.1/bin/../lib/gcc/arm-none-eabi/5.4.1/../../../../arm-none-eabi/lib/armv7-m\libg_nano.a(lib_a-nano-vfprintf_float.o)
                0x00002a88                _printf_float
 .text._printf_common
                0x00002f10       0xec c:/program files (x86)/cypress/psoc creator/4.4/psoc creator/import/gnu/arm/5.4.1/bin/../lib/gcc/arm-none-eabi/5.4.1/../../../../arm-none-eabi/lib/armv7-m\libg_nano.a(lib_a-nano-vfprintf_i.o)
                0x00002f10                _printf_common
 .text._printf_i
                0x00002ffc      0x24c c:/program files (x86)/cypress/psoc creator/4.4/psoc creator/import/gnu/arm/5.4.1/bin/../lib/gcc/arm-none-eabi/5.4.1/../../../../arm-none-eabi/lib/armv7-m\libg_nano.a(lib_a-nano-vfprintf_i.o)
                0x00002ffc                _printf_i
 .text.sprintf  0x00003248       0x48 c:/program files (x86)/cypress/psoc creator/4.4/psoc creator/import/gnu/arm/5.4.1/bin/../lib/gcc/arm-none-eabi/5.4.1/../../../../arm-none-eabi/lib/armv7-m\libg_nano.a(lib_a-sprintf.o)
                0x00003248                siprintf
                0x00003248                sprintf
 .text          0x00003290       0x10 c:/program files (x86)/cypress/psoc creator/4.4/psoc creator/import/gnu/arm/5.4.1/bin/../lib/gcc/arm-none-eabi/5.4.1/../../../../arm-none-eabi/lib/armv7-m\libg_nano.a(lib_a-strlen.o)
                0x00003290                strlen
 .text.quorem   0x000032a0      0x116 c:/program files (x86)/cypress/psoc creator/4.4/psoc creator/import/gnu/arm/5.4.1/bin/../lib/gcc/arm-none-eabi/5.4.1/../../../../arm-none-eabi/lib/armv7-m\libg_nano.a(lib_a-dtoa.o)
 *fill*         0x000033b6        0x2 
 .text._dtoa_r  0x000033b8      0xb30 c:/program files (x86)/cypress/psoc creator/4.4/psoc creator/import/gnu/arm/5.4.1/bin/../lib/gcc/arm-none-eabi/5.4.1/../../../../arm-none-eabi/lib/armv7-m\libg_nano.a(lib_a-dtoa.o)
                0x000033b8                _dtoa_r
 .text._localeconv_r
                0x00003ee8        0x8 c:/program files (x86)/cypress/psoc creator/4.4/psoc creator/import/gnu/arm/5.4.1/bin/../lib/gcc/arm-none-eabi/5.4.1/../../../../arm-none-eabi/lib/armv7-m\libg_nano.a(lib_a-locale.o)
                0x00003ee8                _localeconv_r
 .text.malloc   0x00003ef0       0x10 c:/program files (x86)/cypress/psoc creator/4.4/psoc creator/import/gnu/arm/5.4.1/bin/../lib/gcc/arm-none-eabi/5.4.1/../../../../arm-none-eabi/lib/armv7-m\libg_nano.a(lib_a-malloc.o)
                0x00003ef0                malloc
 .text.memchr   0x00003f00       0x1c c:/program files (x86)/cypress/psoc creator/4.4/psoc creator/import/gnu/arm/5.4.1/bin/../lib/gcc/arm-none-eabi/5.4.1/../../../../arm-none-eabi/lib/armv7-m\libg_nano.a(lib_a-memchr-stub.o)
                0x00003f00                memchr
 .text._Balloc  0x00003f1c       0x6a c:/program files (x86)/cypress/psoc creator/4.4/psoc creator/import/gnu/arm/5.4.1/bin/../lib/gcc/arm-none-eabi/5.4.1/../../../../arm-none-eabi/lib/armv7-m\libg_nano.a(lib_a-mprec.o)
                0x00003f1c                _Balloc
 .text._Bfree   0x00003f86       0x2e c:/program files (x86)/cypress/psoc creator/4.4/psoc creator/import/gnu/arm/5.4.1/bin/../lib/gcc/arm-none-eabi/5.4.1/../../../../arm-none-eabi/lib/armv7-m\libg_nano.a(lib_a-mprec.o)
                0x00003f86                _Bfree
 .text.__multadd
                0x00003fb4       0x76 c:/program files (x86)/cypress/psoc creator/4.4/psoc creator/import/gnu/arm/5.4.1/bin/../lib/gcc/arm-none-eabi/5.4.1/../../../../arm-none-eabi/lib/armv7-m\libg_nano.a(lib_a-mprec.o)
                0x00003fb4                __multadd
 .text.__hi0bits
                0x0000402a       0x40 c:/program files (x86)/cypress/psoc creator/4.4/psoc creator/import/gnu/arm/5.4.1/bin/../lib/gcc/arm-none-eabi/5.4.1/../../../../arm-none-eabi/lib/armv7-m\libg_nano.a(lib_a-mprec.o)
                0x0000402a                __hi0bits
 .text.__lo0bits
                0x0000406a       0x5a c:/program files (x86)/cypress/psoc creator/4.4/psoc creator/import/gnu/arm/5.4.1/bin/../lib/gcc/arm-none-eabi/5.4.1/../../../../arm-none-eabi/lib/armv7-m\libg_nano.a(lib_a-mprec.o)
                0x0000406a                __lo0bits
 .text.__i2b    0x000040c4       0x12 c:/program files (x86)/cypress/psoc creator/4.4/psoc creator/import/gnu/arm/5.4.1/bin/../lib/gcc/arm-none-eabi/5.4.1/../../../../arm-none-eabi/lib/armv7-m\libg_nano.a(lib_a-mprec.o)
                0x000040c4                __i2b
 .text.__multiply
                0x000040d6      0x120 c:/program files (x86)/cypress/psoc creator/4.4/psoc creator/import/gnu/arm/5.4.1/bin/../lib/gcc/arm-none-eabi/5.4.1/../../../../arm-none-eabi/lib/armv7-m\libg_nano.a(lib_a-mprec.o)
                0x000040d6                __multiply
 *fill*         0x000041f6        0x2 
 .text.__pow5mult
                0x000041f8       0x9c c:/program files (x86)/cypress/psoc creator/4.4/psoc creator/import/gnu/arm/5.4.1/bin/../lib/gcc/arm-none-eabi/5.4.1/../../../../arm-none-eabi/lib/armv7-m\libg_nano.a(lib_a-mprec.o)
                0x000041f8                __pow5mult
 .text.__lshift
                0x00004294       0xa2 c:/program files (x86)/cypress/psoc creator/4.4/psoc creator/import/gnu/arm/5.4.1/bin/../lib/gcc/arm-none-eabi/5.4.1/../../../../arm-none-eabi/lib/armv7-m\libg_nano.a(lib_a-mprec.o)
                0x00004294                __lshift
 .text.__mcmp   0x00004336       0x38 c:/program files (x86)/cypress/psoc creator/4.4/psoc creator/import/gnu/arm/5.4.1/bin/../lib/gcc/arm-none-eabi/5.4.1/../../../../arm-none-eabi/lib/armv7-m\libg_nano.a(lib_a-mprec.o)
                0x00004336                __mcmp
 .text.__mdiff  0x0000436e       0xbe c:/program files (x86)/cypress/psoc creator/4.4/psoc creator/import/gnu/arm/5.4.1/bin/../lib/gcc/arm-none-eabi/5.4.1/../../../../arm-none-eabi/lib/armv7-m\libg_nano.a(lib_a-mprec.o)
                0x0000436e                __mdiff
 .text.__d2b    0x0000442c       0x9c c:/program files (x86)/cypress/psoc creator/4.4/psoc creator/import/gnu/arm/5.4.1/bin/../lib/gcc/arm-none-eabi/5.4.1/../../../../arm-none-eabi/lib/armv7-m\libg_nano.a(lib_a-mprec.o)
                0x0000442c                __d2b
 .text._calloc_r
                0x000044c8       0x1c c:/program files (x86)/cypress/psoc creator/4.4/psoc creator/import/gnu/arm/5.4.1/bin/../lib/gcc/arm-none-eabi/5.4.1/../../../../arm-none-eabi/lib/armv7-m\libg_nano.a(lib_a-nano-callocr.o)
                0x000044c8                _calloc_r
 .text._free_r  0x000044e4       0x98 c:/program files (x86)/cypress/psoc creator/4.4/psoc creator/import/gnu/arm/5.4.1/bin/../lib/gcc/arm-none-eabi/5.4.1/../../../../arm-none-eabi/lib/armv7-m\libg_nano.a(lib_a-nano-freer.o)
                0x000044e4                _free_r
 .text._malloc_r
                0x0000457c       0xbc c:/program files (x86)/cypress/psoc creator/4.4/psoc creator/import/gnu/arm/5.4.1/bin/../lib/gcc/arm-none-eabi/5.4.1/../../../../arm-none-eabi/lib/armv7-m\libg_nano.a(lib_a-nano-mallocr.o)
                0x0000457c                _malloc_r
 .text.__ssputs_r
                0x00004638       0xb2 c:/program files (x86)/cypress/psoc creator/4.4/psoc creator/import/gnu/arm/5.4.1/bin/../lib/gcc/arm-none-eabi/5.4.1/../../../../arm-none-eabi/lib/armv7-m\libg_nano.a(lib_a-nano-svfprintf.o)
                0x00004638                __ssputs_r
 *fill*         0x000046ea        0x2 
 .text._svfprintf_r
                0x000046ec      0x1e8 c:/program files (x86)/cypress/psoc creator/4.4/psoc creator/import/gnu/arm/5.4.1/bin/../lib/gcc/arm-none-eabi/5.4.1/../../../../arm-none-eabi/lib/armv7-m\libg_nano.a(lib_a-nano-svfprintf.o)
                0x000046ec                _svfiprintf_r
                0x000046ec                _svfprintf_r
 .text._sbrk_r  0x000048d4       0x20 c:/program files (x86)/cypress/psoc creator/4.4/psoc creator/import/gnu/arm/5.4.1/bin/../lib/gcc/arm-none-eabi/5.4.1/../../../../arm-none-eabi/lib/armv7-m\libg_nano.a(lib_a-sbrkr.o)
                0x000048d4                _sbrk_r
 .text.memmove  0x000048f4       0x36 c:/program files (x86)/cypress/psoc creator/4.4/psoc creator/import/gnu/arm/5.4.1/bin/../lib/gcc/arm-none-eabi/5.4.1/../../../../arm-none-eabi/lib/armv7-m\libg_nano.a(lib_a-memmove.o)
                0x000048f4                memmove
 .text.__malloc_lock
                0x0000492a        0x2 c:/program files (x86)/cypress/psoc creator/4.4/psoc creator/import/gnu/arm/5.4.1/bin/../lib/gcc/arm-none-eabi/5.4.1/../../../../arm-none-eabi/lib/armv7-m\libg_nano.a(lib_a-mlock.o)
                0x0000492a                __malloc_lock
 .text.__malloc_unlock
                0x0000492c        0x2 c:/program files (x86)/cypress/psoc creator/4.4/psoc creator/import/gnu/arm/5.4.1/bin/../lib/gcc/arm-none-eabi/5.4.1/../../../../arm-none-eabi/lib/armv7-m\libg_nano.a(lib_a-mlock.o)
                0x0000492c                __malloc_unlock
 .text._realloc_r
                0x0000492e       0x4c c:/program files (x86)/cypress/psoc creator/4.4/psoc creator/import/gnu/arm/5.4.1/bin/../lib/gcc/arm-none-eabi/5.4.1/../../../../arm-none-eabi/lib/armv7-m\libg_nano.a(lib_a-nano-reallocr.o)
                0x0000492e                _realloc_r
 .text._malloc_usable_size_r
                0x0000497a       0x14 c:/program files (x86)/cypress/psoc creator/4.4/psoc creator/import/gnu/arm/5.4.1/bin/../lib/gcc/arm-none-eabi/5.4.1/../../../../arm-none-eabi/lib/armv7-m\libg_nano.a(lib_a-nano-msizer.o)
                0x0000497a                _malloc_usable_size_r
 *fill*         0x0000498e        0x2 
 .text          0x00004990      0x110 c:/program files (x86)/cypress/psoc creator/4.4/psoc creator/import/gnu/arm/5.4.1/bin/../lib/gcc/arm-none-eabi/5.4.1/armv7-m\libgcc.a(_arm_cmpdf2.o)
                0x00004990                __gtdf2
                0x00004990                __gedf2
                0x00004998                __ltdf2
                0x00004998                __ledf2
                0x000049a0                __nedf2
                0x000049a0                __eqdf2
                0x000049a0                __cmpdf2
                0x00004a1c                __aeabi_cdrcmple
                0x00004a2c                __aeabi_cdcmpeq
                0x00004a2c                __aeabi_cdcmple
                0x00004a3c                __aeabi_dcmpeq
                0x00004a50                __aeabi_dcmplt
                0x00004a64                __aeabi_dcmple
                0x00004a78                __aeabi_dcmpge
                0x00004a8c                __aeabi_dcmpgt
 .text          0x00004aa0       0x2c c:/program files (x86)/cypress/psoc creator/4.4/psoc creator/import/gnu/arm/5.4.1/bin/../lib/gcc/arm-none-eabi/5.4.1/armv7-m\libgcc.a(_arm_unorddf2.o)
                0x00004aa0                __unorddf2
                0x00004aa0                __aeabi_dcmpun
 .text          0x00004acc       0x50 c:/program files (x86)/cypress/psoc creator/4.4/psoc creator/import/gnu/arm/5.4.1/bin/../lib/gcc/arm-none-eabi/5.4.1/armv7-m\libgcc.a(_arm_fixdfsi.o)
                0x00004acc                __aeabi_d2iz
                0x00004acc                __fixdfsi
 *(.plt)
 *(.gnu.warning)
 *(.glue_7t)
 .glue_7t       0x00004b1c        0x0 linker stubs
 *(.glue_7)
 .glue_7        0x00004b1c        0x0 linker stubs
 *(.vfp11_veneer)
 .vfp11_veneer  0x00004b1c        0x0 linker stubs
 *(.bootloader)
 *(.ARM.extab* .gnu.linkonce.armextab.*)
 *(.gcc_except_table)

.v4_bx          0x00004b1c        0x0
 .v4_bx         0x00004b1c        0x0 linker stubs

.iplt           0x00004b1c        0x0
 .iplt          0x00004b1c        0x0 c:/program files (x86)/cypress/psoc creator/4.4/psoc creator/import/gnu/arm/5.4.1/bin/../lib/gcc/arm-none-eabi/5.4.1/armv7-m/crtbegin.o

.eh_frame_hdr
 *(.eh_frame_hdr)

.eh_frame       0x00004b1c        0x4
 *(.eh_frame)
 .eh_frame      0x00004b1c        0x0 c:/program files (x86)/cypress/psoc creator/4.4/psoc creator/import/gnu/arm/5.4.1/bin/../lib/gcc/arm-none-eabi/5.4.1/armv7-m/crtbegin.o
 .eh_frame      0x00004b1c        0x4 c:/program files (x86)/cypress/psoc creator/4.4/psoc creator/import/gnu/arm/5.4.1/bin/../lib/gcc/arm-none-eabi/5.4.1/armv7-m/crtend.o
                [!provide]                PROVIDE (__exidx_start, .)

.ARM.exidx
 *(.ARM.exidx* .gnu.linkonce.armexidx.*)
                0x00004b20                __exidx_end = .

.rodata         0x00004b20      0x2a0
 *(.rodata .rodata.* .gnu.linkonce.r.*)
 .rodata.str1.4
                0x00004b20       0xb4 .\CortexM3\ARM_GCC_541\Debug\main.o
 .rodata        0x00004bd4       0x56 .\CortexM3\ARM_GCC_541\Debug\cyfitter_cfg.o
 .rodata.str1.1
                0x00004c2a        0x2 c:/program files (x86)/cypress/psoc creator/4.4/psoc creator/import/gnu/arm/5.4.1/bin/../lib/gcc/arm-none-eabi/5.4.1/../../../../arm-none-eabi/lib/armv7-m\libg_nano.a(lib_a-impure.o)
 .rodata.str1.1
                0x00004c2c       0x12 c:/program files (x86)/cypress/psoc creator/4.4/psoc creator/import/gnu/arm/5.4.1/bin/../lib/gcc/arm-none-eabi/5.4.1/../../../../arm-none-eabi/lib/armv7-m\libg_nano.a(lib_a-nano-vfprintf_float.o)
 .rodata.str1.1
                0x00004c3e       0x22 c:/program files (x86)/cypress/psoc creator/4.4/psoc creator/import/gnu/arm/5.4.1/bin/../lib/gcc/arm-none-eabi/5.4.1/../../../../arm-none-eabi/lib/armv7-m\libg_nano.a(lib_a-nano-vfprintf_i.o)
 .rodata.str1.1
                0x00004c60        0xd c:/program files (x86)/cypress/psoc creator/4.4/psoc creator/import/gnu/arm/5.4.1/bin/../lib/gcc/arm-none-eabi/5.4.1/../../../../arm-none-eabi/lib/armv7-m\libg_nano.a(lib_a-dtoa.o)
                                  0xf (size before relaxing)
 .rodata.str1.1
                0x00004c6d        0x8 c:/program files (x86)/cypress/psoc creator/4.4/psoc creator/import/gnu/arm/5.4.1/bin/../lib/gcc/arm-none-eabi/5.4.1/../../../../arm-none-eabi/lib/armv7-m\libg_nano.a(lib_a-locale.o)
                                  0xb (size before relaxing)
 *fill*         0x00004c75        0x3 
 .rodata.__mprec_tens
                0x00004c78       0xc8 c:/program files (x86)/cypress/psoc creator/4.4/psoc creator/import/gnu/arm/5.4.1/bin/../lib/gcc/arm-none-eabi/5.4.1/../../../../arm-none-eabi/lib/armv7-m\libg_nano.a(lib_a-mprec.o)
                0x00004c78                __mprec_tens
 .rodata.p05.5408
                0x00004d40        0xc c:/program files (x86)/cypress/psoc creator/4.4/psoc creator/import/gnu/arm/5.4.1/bin/../lib/gcc/arm-none-eabi/5.4.1/../../../../arm-none-eabi/lib/armv7-m\libg_nano.a(lib_a-mprec.o)
 *fill*         0x00004d4c        0x4 
 .rodata.__mprec_bigtens
                0x00004d50       0x28 c:/program files (x86)/cypress/psoc creator/4.4/psoc creator/import/gnu/arm/5.4.1/bin/../lib/gcc/arm-none-eabi/5.4.1/../../../../arm-none-eabi/lib/armv7-m\libg_nano.a(lib_a-mprec.o)
                0x00004d50                __mprec_bigtens
 .rodata.str1.1
                0x00004d78       0x11 c:/program files (x86)/cypress/psoc creator/4.4/psoc creator/import/gnu/arm/5.4.1/bin/../lib/gcc/arm-none-eabi/5.4.1/../../../../arm-none-eabi/lib/armv7-m\libg_nano.a(lib_a-nano-svfprintf.o)
                0x00004d8c                . = ALIGN (0x4)
 *fill*         0x00004d89        0x3 
 *(.init)
 .init          0x00004d8c        0x4 c:/program files (x86)/cypress/psoc creator/4.4/psoc creator/import/gnu/arm/5.4.1/bin/../lib/gcc/arm-none-eabi/5.4.1/armv7-m/crti.o
                0x00004d8c                _init
 .init          0x00004d90        0x8 c:/program files (x86)/cypress/psoc creator/4.4/psoc creator/import/gnu/arm/5.4.1/bin/../lib/gcc/arm-none-eabi/5.4.1/armv7-m/crtn.o
                0x00004d98                . = ALIGN (0x4)
                0x00004d98                __preinit_array_start = .
 *(.preinit_array)
                0x00004d98                __preinit_array_end = .
                0x00004d98                . = ALIGN (0x4)
                0x00004d98                __init_array_start = .
 *(SORT(.init_array.*))
 *(.init_array)
 .init_array    0x00004d98        0x4 c:/program files (x86)/cypress/psoc creator/4.4/psoc creator/import/gnu/arm/5.4.1/bin/../lib/gcc/arm-none-eabi/5.4.1/armv7-m/crtbegin.o
 .init_array    0x00004d9c        0x4 .\CortexM3\ARM_GCC_541\Debug\Cm3Start.o
                0x00004da0                __init_array_end = .
                0x00004da0                . = ALIGN (0x4)
 *(.fini)
 .fini          0x00004da0        0x4 c:/program files (x86)/cypress/psoc creator/4.4/psoc creator/import/gnu/arm/5.4.1/bin/../lib/gcc/arm-none-eabi/5.4.1/armv7-m/crti.o
                0x00004da0                _fini
 .fini          0x00004da4        0x8 c:/program files (x86)/cypress/psoc creator/4.4/psoc creator/import/gnu/arm/5.4.1/bin/../lib/gcc/arm-none-eabi/5.4.1/armv7-m/crtn.o
                0x00004dac                . = ALIGN (0x4)
                0x00004dac                __fini_array_start = .
 *(.fini_array)
 .fini_array    0x00004dac        0x4 c:/program files (x86)/cypress/psoc creator/4.4/psoc creator/import/gnu/arm/5.4.1/bin/../lib/gcc/arm-none-eabi/5.4.1/armv7-m/crtbegin.o
 *(SORT(.fini_array.*))
                0x00004db0                __fini_array_end = .
                0x00004db0                . = ALIGN (0x4)
 *crtbegin.o(.ctors)
 *(EXCLUDE_FILE(*crtend.o) .ctors)
 *(SORT(.ctors.*))
 *crtend.o(.ctors)
                0x00004db0                . = ALIGN (0x4)
 *crtbegin.o(.dtors)
 *(EXCLUDE_FILE(*crtend.o) .dtors)
 *(SORT(.dtors.*))
 *crtend.o(.dtors)
                0x00004db0                . = ALIGN (0x4)
                0x00004db0                __cy_regions = .
                0x00004db0        0x4 LONG 0x4dc0 __cy_region_init_ram
                0x00004db4        0x4 LONG 0x1fff80c8 __cy_region_start_data
                0x00004db8        0x4 LONG 0xd0 __cy_region_init_size_ram
                0x00004dbc        0x4 LONG 0xf8 __cy_region_zero_size_ram
                0x00004dc0                __cy_regions_end = .
                0x00004dc0                . = ALIGN (0x8)
                0x00004dc0                _etext = .

.cy_checksum_exclude
                0x00004dc0        0x0
 *(.cy_checksum_exclude)

.ramvectors     0x1fff8000       0xc0
                0x1fff8000                __cy_region_start_ram = .
 *(.ramvectors)
 .ramvectors    0x1fff8000       0xc0 .\CortexM3\ARM_GCC_541\Debug\Cm3Start.o
                0x1fff8000                CyRamVectors

.noinit         0x1fff80c0        0x1
 *(.noinit)
 .noinit        0x1fff80c0        0x1 .\CortexM3\ARM_GCC_541\Debug\Design01.a(CyLib.o)
                0x1fff80c0                CyResetStatus

.data           0x1fff80c8       0xd0 load address 0x00004dc0
                0x1fff80c8                __cy_region_start_data = .
 *(.jcr)
 .jcr           0x1fff80c8        0x0 c:/program files (x86)/cypress/psoc creator/4.4/psoc creator/import/gnu/arm/5.4.1/bin/../lib/gcc/arm-none-eabi/5.4.1/armv7-m/crtbegin.o
 .jcr           0x1fff80c8        0x4 c:/program files (x86)/cypress/psoc creator/4.4/psoc creator/import/gnu/arm/5.4.1/bin/../lib/gcc/arm-none-eabi/5.4.1/armv7-m/crtend.o
 *(.got.plt)
 *(.got)
 *(.shdata)
 *(.data .data.* .gnu.linkonce.d.*)
 *fill*         0x1fff80cc        0x4 
 .data          0x1fff80d0       0x18 .\CortexM3\ARM_GCC_541\Debug\main.o
                0x1fff80d0                K_p
                0x1fff80d8                PWM_Master
                0x1fff80dc                PWM_Slave
                0x1fff80e0                timer_period
 .data          0x1fff80e8        0x4 .\CortexM3\ARM_GCC_541\Debug\Cm3Start.o
 .data          0x1fff80ec       0x10 .\CortexM3\ARM_GCC_541\Debug\Design01.a(CyLib.o)
                0x1fff80ec                cydelay_32k_ms
                0x1fff80f0                cydelay_freq_khz
                0x1fff80f4                cydelay_freq_mhz
                0x1fff80f8                cydelay_freq_hz
 .data.impure_data
                0x1fff80fc       0x60 c:/program files (x86)/cypress/psoc creator/4.4/psoc creator/import/gnu/arm/5.4.1/bin/../lib/gcc/arm-none-eabi/5.4.1/../../../../arm-none-eabi/lib/armv7-m\libg_nano.a(lib_a-impure.o)
 .data._impure_ptr
                0x1fff815c        0x4 c:/program files (x86)/cypress/psoc creator/4.4/psoc creator/import/gnu/arm/5.4.1/bin/../lib/gcc/arm-none-eabi/5.4.1/../../../../arm-none-eabi/lib/armv7-m\libg_nano.a(lib_a-impure.o)
                0x1fff815c                _impure_ptr
 .data.lconv    0x1fff8160       0x38 c:/program files (x86)/cypress/psoc creator/4.4/psoc creator/import/gnu/arm/5.4.1/bin/../lib/gcc/arm-none-eabi/5.4.1/../../../../arm-none-eabi/lib/armv7-m\libg_nano.a(lib_a-locale.o)
                0x1fff8198                . = ALIGN (0x8)
 *(.ram)
                0x1fff8198                _edata = .

.igot.plt       0x1fff8198        0x0 load address 0x00004e90
 .igot.plt      0x1fff8198        0x0 c:/program files (x86)/cypress/psoc creator/4.4/psoc creator/import/gnu/arm/5.4.1/bin/../lib/gcc/arm-none-eabi/5.4.1/armv7-m/crtbegin.o

.bss            0x1fff8198       0xf8 load address 0x00004e90
                0x1fff8198                PROVIDE (__bss_start__, .)
 *(.shbss)
 *(.bss .bss.* .gnu.linkonce.b.*)
 .bss           0x1fff8198       0x1c c:/program files (x86)/cypress/psoc creator/4.4/psoc creator/import/gnu/arm/5.4.1/bin/../lib/gcc/arm-none-eabi/5.4.1/armv7-m/crtbegin.o
 *fill*         0x1fff81b4        0x4 
 .bss           0x1fff81b8       0x68 .\CortexM3\ARM_GCC_541\Debug\main.o
                0x1fff81b8                compare_ready
                0x1fff81bc                is_moving
                0x1fff81c0                Count_Master
                0x1fff81c4                Count_Slave
                0x1fff81c8                error
                0x1fff81d0                last_error
                0x1fff81d8                left_det_count
                0x1fff81dc                direction
                0x1fff81e0                y_coord
                0x1fff81e8                x_coord
                0x1fff81f0                step
                0x1fff81f4                color_detected
                0x1fff81f8                left_measured
                0x1fff8200                K_d
                0x1fff8208                K_i
                0x1fff8210                derivative_error
                0x1fff8218                accumulated_error
 .bss           0x1fff8220        0x1 .\CortexM3\ARM_GCC_541\Debug\Design01.a(QuadDec_1.o)
                0x1fff8220                QuadDec_1_initVar
 .bss           0x1fff8221        0x1 .\CortexM3\ARM_GCC_541\Debug\Design01.a(QuadDec_1_Cnt16.o)
                0x1fff8221                QuadDec_1_Cnt16_initVar
 .bss           0x1fff8222        0x2 .\CortexM3\ARM_GCC_541\Debug\Design01.a(UART_1.o)
                0x1fff8222                UART_1_initVar
 .bss           0x1fff8224        0x1 .\CortexM3\ARM_GCC_541\Debug\Design01.a(QuadDec_2.o)
                0x1fff8224                QuadDec_2_initVar
 .bss           0x1fff8225        0x1 .\CortexM3\ARM_GCC_541\Debug\Design01.a(QuadDec_2_Cnt16.o)
                0x1fff8225                QuadDec_2_Cnt16_initVar
 .bss           0x1fff8226        0x1 .\CortexM3\ARM_GCC_541\Debug\Design01.a(PWM_Master.o)
                0x1fff8226                PWM_Master_initVar
 .bss           0x1fff8227        0x1 .\CortexM3\ARM_GCC_541\Debug\Design01.a(PWM_Slave.o)
                0x1fff8227                PWM_Slave_initVar
 .bss           0x1fff8228        0x1 .\CortexM3\ARM_GCC_541\Debug\Design01.a(Timer_1.o)
                0x1fff8228                Timer_1_initVar
 .bss           0x1fff8229        0x1 .\CortexM3\ARM_GCC_541\Debug\Design01.a(Timer_2.o)
                0x1fff8229                Timer_2_initVar
 .bss           0x1fff822a        0x1 .\CortexM3\ARM_GCC_541\Debug\Design01.a(Timer_3.o)
                0x1fff822a                Timer_3_initVar
 .bss           0x1fff822b        0x1 .\CortexM3\ARM_GCC_541\Debug\Design01.a(Timer_4.o)
                0x1fff822b                Timer_4_initVar
 .bss           0x1fff822c        0x1 .\CortexM3\ARM_GCC_541\Debug\Design01.a(Timer_5.o)
                0x1fff822c                Timer_5_initVar
 .bss           0x1fff822d        0x1 .\CortexM3\ARM_GCC_541\Debug\Design01.a(PWM_ColorSensor.o)
                0x1fff822d                PWM_ColorSensor_initVar
 .bss           0x1fff822e        0x1 .\CortexM3\ARM_GCC_541\Debug\Design01.a(Counter_ColorSensor.o)
                0x1fff822e                Counter_ColorSensor_initVar
 *fill*         0x1fff822f        0x1 
 .bss.__malloc_sbrk_start
                0x1fff8230        0x4 c:/program files (x86)/cypress/psoc creator/4.4/psoc creator/import/gnu/arm/5.4.1/bin/../lib/gcc/arm-none-eabi/5.4.1/../../../../arm-none-eabi/lib/armv7-m\libg_nano.a(lib_a-nano-mallocr.o)
                0x1fff8230                __malloc_sbrk_start
 .bss.__malloc_free_list
                0x1fff8234        0x4 c:/program files (x86)/cypress/psoc creator/4.4/psoc creator/import/gnu/arm/5.4.1/bin/../lib/gcc/arm-none-eabi/5.4.1/../../../../arm-none-eabi/lib/armv7-m\libg_nano.a(lib_a-nano-mallocr.o)
                0x1fff8234                __malloc_free_list
 *(COMMON)
 COMMON         0x1fff8238       0x54 .\CortexM3\ARM_GCC_541\Debug\main.o
                0x1fff8238                front_measured_2
                0x1fff823c                right_det_count
                0x1fff8240                string_3
                0x1fff8254                string_1
                0x1fff8268                front_det_count_1
                0x1fff826c                right_measured
                0x1fff8270                front_det_count_2
                0x1fff8274                front_measured_1
                0x1fff8278                string_2
 COMMON         0x1fff828c        0x4 c:/program files (x86)/cypress/psoc creator/4.4/psoc creator/import/gnu/arm/5.4.1/bin/../lib/gcc/arm-none-eabi/5.4.1/../../../../arm-none-eabi/lib/armv7-m\libg_nano.a(lib_a-reent.o)
                0x1fff828c                errno
                0x1fff8290                . = ALIGN (0x8)
 *(.ram.b)
                0x1fff8290                _end = .
                0x1fff8290                __end = .
                0x1fff8290                PROVIDE (end, .)
                0x1fff8290                PROVIDE (__bss_end__, .)
                0x00004dc0                __cy_region_init_ram = LOADADDR (.data)
                0x000000d0                __cy_region_init_size_ram = (_edata - ADDR (.data))
                0x000000f8                __cy_region_zero_size_ram = (_end - _edata)

.heap           0x1fff8290      0x200 load address 0x00004e90
                0x1fff8290                . = _end
                0x1fff8490                . = (. + 0x200)
 *fill*         0x1fff8290      0x200 
                0x1fff8490                __cy_heap_limit = .

.stack          0x20007800      0x800
                0x20007800                __cy_stack_limit = .
                0x20008000                . = (. + 0x800)
 *fill*         0x20007800      0x800 
                0x00000001                ASSERT ((__cy_stack_limit >= __cy_heap_limit), region RAM overflowed with stack)
                0x00000000                cy_checksum_exclude_size = (CY_APPL_LOADABLE == 0x1)?SIZEOF (.cy_checksum_exclude):0x0
                0x00000001                ASSERT ((cy_checksum_exclude_size <= CY_CHECKSUM_EXCLUDE_SIZE), CY_BOOT: Section .cy_checksum_exclude size exceedes specified limit.)

.cyloadermeta
 *(.cyloadermeta)

.cyloadablemeta
 *(.cyloadablemeta)

.cyconfigecc    0x80000000     0x13d0
 *(.cyconfigecc)
 .cyconfigecc   0x80000000     0x13d0 .\CortexM3\ARM_GCC_541\Debug\cymetadata.o
                0x80000000                cy_meta_configecc

.cycustnvl      0x90000000        0x4
 *(.cycustnvl)
 .cycustnvl     0x90000000        0x4 .\CortexM3\ARM_GCC_541\Debug\cymetadata.o
                0x90000000                cy_meta_custnvl

.cywolatch      0x90100000        0x4
 *(.cywolatch)
 .cywolatch     0x90100000        0x4 .\CortexM3\ARM_GCC_541\Debug\cymetadata.o
                0x90100000                cy_meta_wonvl

.cyeeprom       0x90200000        0x0
 *(.cyeeprom)
                0x00000001                ASSERT ((. <= ((0x90200000 + ee_offset) + ee_size)), .cyeeprom data will not fit in EEPROM)

.cyflashprotect
                0x90400000      0x100
 *(.cyflashprotect)
 .cyflashprotect
                0x90400000      0x100 .\CortexM3\ARM_GCC_541\Debug\cymetadata.o
                0x90400000                cy_meta_flashprotect

.cymeta         0x90500000        0xc
 *(.cymeta)
 .cymeta        0x90500000        0xc .\CortexM3\ARM_GCC_541\Debug\cymetadata.o
                0x90500000                cy_metadata

.rel.dyn        0x00004e90        0x0 load address 0x9050000c
 .rel.iplt      0x00004e90        0x0 c:/program files (x86)/cypress/psoc creator/4.4/psoc creator/import/gnu/arm/5.4.1/bin/../lib/gcc/arm-none-eabi/5.4.1/armv7-m/crtbegin.o

.stab
 *(.stab)

.stabstr
 *(.stabstr)

.debug
 *(.debug)

.line
 *(.line)

.debug_srcinfo
 *(.debug_srcinfo)

.debug_sfnames
 *(.debug_sfnames)

.debug_aranges  0x00000000     0x1518
 *(.debug_aranges)
 .debug_aranges
                0x00000000       0xa0 .\CortexM3\ARM_GCC_541\Debug\main.o
 .debug_aranges
                0x000000a0       0x58 .\CortexM3\ARM_GCC_541\Debug\cyfitter_cfg.o
 .debug_aranges
                0x000000f8       0x18 .\CortexM3\ARM_GCC_541\Debug\cymetadata.o
 .debug_aranges
                0x00000110       0x48 .\CortexM3\ARM_GCC_541\Debug\Cm3Start.o
 .debug_aranges
                0x00000158       0x38 .\CortexM3\ARM_GCC_541\Debug\Design01.a(Motor_1_IN_1.o)
 .debug_aranges
                0x00000190       0x38 .\CortexM3\ARM_GCC_541\Debug\Design01.a(Motor_1_IN_2.o)
 .debug_aranges
                0x000001c8      0x2a0 .\CortexM3\ARM_GCC_541\Debug\Design01.a(CyLib.o)
 .debug_aranges
                0x00000468       0x98 .\CortexM3\ARM_GCC_541\Debug\Design01.a(cyPm.o)
 .debug_aranges
                0x00000500       0x60 .\CortexM3\ARM_GCC_541\Debug\Design01.a(QuadDec_1.o)
 .debug_aranges
                0x00000560       0x98 .\CortexM3\ARM_GCC_541\Debug\Design01.a(QuadDec_1_Cnt16.o)
 .debug_aranges
                0x000005f8       0xf0 .\CortexM3\ARM_GCC_541\Debug\Design01.a(UART_1.o)
 .debug_aranges
                0x000006e8       0x70 .\CortexM3\ARM_GCC_541\Debug\Design01.a(UART_1_IntClock.o)
 .debug_aranges
                0x00000758       0x60 .\CortexM3\ARM_GCC_541\Debug\Design01.a(QuadDec_2.o)
 .debug_aranges
                0x000007b8       0x98 .\CortexM3\ARM_GCC_541\Debug\Design01.a(QuadDec_2_Cnt16.o)
 .debug_aranges
                0x00000850       0x38 .\CortexM3\ARM_GCC_541\Debug\Design01.a(Motor_2_IN_3.o)
 .debug_aranges
                0x00000888       0x38 .\CortexM3\ARM_GCC_541\Debug\Design01.a(Motor_2_IN_4.o)
 .debug_aranges
                0x000008c0       0x78 .\CortexM3\ARM_GCC_541\Debug\Design01.a(PWM_Master.o)
 .debug_aranges
                0x00000938       0x78 .\CortexM3\ARM_GCC_541\Debug\Design01.a(PWM_Slave.o)
 .debug_aranges
                0x000009b0       0x90 .\CortexM3\ARM_GCC_541\Debug\Design01.a(Timer_1.o)
 .debug_aranges
                0x00000a40       0x80 .\CortexM3\ARM_GCC_541\Debug\Design01.a(isr_1.o)
 .debug_aranges
                0x00000ac0       0x98 .\CortexM3\ARM_GCC_541\Debug\Design01.a(Timer_2.o)
 .debug_aranges
                0x00000b58       0x80 .\CortexM3\ARM_GCC_541\Debug\Design01.a(isr_2.o)
 .debug_aranges
                0x00000bd8       0x98 .\CortexM3\ARM_GCC_541\Debug\Design01.a(Timer_3.o)
 .debug_aranges
                0x00000c70       0x38 .\CortexM3\ARM_GCC_541\Debug\Design01.a(Right_Echo.o)
 .debug_aranges
                0x00000ca8       0x80 .\CortexM3\ARM_GCC_541\Debug\Design01.a(isr_3.o)
 .debug_aranges
                0x00000d28       0x98 .\CortexM3\ARM_GCC_541\Debug\Design01.a(Timer_4.o)
 .debug_aranges
                0x00000dc0       0x80 .\CortexM3\ARM_GCC_541\Debug\Design01.a(isr_4.o)
 .debug_aranges
                0x00000e40       0x98 .\CortexM3\ARM_GCC_541\Debug\Design01.a(Timer_5.o)
 .debug_aranges
                0x00000ed8       0x38 .\CortexM3\ARM_GCC_541\Debug\Design01.a(Front_Echo_1.o)
 .debug_aranges
                0x00000f10       0x80 .\CortexM3\ARM_GCC_541\Debug\Design01.a(isr_5.o)
 .debug_aranges
                0x00000f90       0x38 .\CortexM3\ARM_GCC_541\Debug\Design01.a(Right_Trigger.o)
 .debug_aranges
                0x00000fc8       0x98 .\CortexM3\ARM_GCC_541\Debug\Design01.a(PWM_ColorSensor.o)
 .debug_aranges
                0x00001060       0x98 .\CortexM3\ARM_GCC_541\Debug\Design01.a(Counter_ColorSensor.o)
 .debug_aranges
                0x000010f8       0x80 .\CortexM3\ARM_GCC_541\Debug\Design01.a(isr_6.o)
 .debug_aranges
                0x00001178       0x28 .\CortexM3\ARM_GCC_541\Debug\Design01.a(Control_Reg_1.o)
 .debug_aranges
                0x000011a0       0x38 .\CortexM3\ARM_GCC_541\Debug\Design01.a(S1.o)
 .debug_aranges
                0x000011d8       0x38 .\CortexM3\ARM_GCC_541\Debug\Design01.a(S2.o)
 .debug_aranges
                0x00001210       0x38 .\CortexM3\ARM_GCC_541\Debug\Design01.a(S0.o)
 .debug_aranges
                0x00001248       0x38 .\CortexM3\ARM_GCC_541\Debug\Design01.a(S3.o)
 .debug_aranges
                0x00001280       0x38 .\CortexM3\ARM_GCC_541\Debug\Design01.a(CS_LED.o)
 .debug_aranges
                0x000012b8       0x38 .\CortexM3\ARM_GCC_541\Debug\Design01.a(IR_input.o)
 .debug_aranges
                0x000012f0       0x38 .\CortexM3\ARM_GCC_541\Debug\Design01.a(led_green.o)
 .debug_aranges
                0x00001328       0x38 .\CortexM3\ARM_GCC_541\Debug\Design01.a(led_red.o)
 .debug_aranges
                0x00001360       0x38 .\CortexM3\ARM_GCC_541\Debug\Design01.a(led_blue.o)
 .debug_aranges
                0x00001398       0x38 .\CortexM3\ARM_GCC_541\Debug\Design01.a(Front_Trigger_1.o)
 .debug_aranges
                0x000013d0       0x20 .\CortexM3\ARM_GCC_541\Debug\Design01.a(CyBootAsmGnu.o)
 .debug_aranges
                0x000013f0       0x88 .\CortexM3\ARM_GCC_541\Debug\Design01.a(CyFlash.o)
 .debug_aranges
                0x00001478       0x80 .\CortexM3\ARM_GCC_541\Debug\Design01.a(CySpc.o)
 .debug_aranges
                0x000014f8       0x20 .\CortexM3\ARM_GCC_541\Debug\Design01.a(cyutils.o)

.debug_pubnames
 *(.debug_pubnames)

.debug_info     0x00000000     0x9dc6
 *(.debug_info .gnu.linkonce.wi.*)
 .debug_info    0x00000000     0x12e7 .\CortexM3\ARM_GCC_541\Debug\main.o
 .debug_info    0x000012e7      0x603 .\CortexM3\ARM_GCC_541\Debug\cyfitter_cfg.o
 .debug_info    0x000018ea      0x139 .\CortexM3\ARM_GCC_541\Debug\cymetadata.o
 .debug_info    0x00001a23      0x3bb .\CortexM3\ARM_GCC_541\Debug\Cm3Start.o
 .debug_info    0x00001dde      0x11f .\CortexM3\ARM_GCC_541\Debug\Design01.a(Motor_1_IN_1.o)
 .debug_info    0x00001efd      0x11f .\CortexM3\ARM_GCC_541\Debug\Design01.a(Motor_1_IN_2.o)
 .debug_info    0x0000201c     0x1374 .\CortexM3\ARM_GCC_541\Debug\Design01.a(CyLib.o)
 .debug_info    0x00003390      0xa2a .\CortexM3\ARM_GCC_541\Debug\Design01.a(cyPm.o)
 .debug_info    0x00003dba      0x2d4 .\CortexM3\ARM_GCC_541\Debug\Design01.a(QuadDec_1.o)
 .debug_info    0x0000408e      0x348 .\CortexM3\ARM_GCC_541\Debug\Design01.a(QuadDec_1_Cnt16.o)
 .debug_info    0x000043d6      0x60c .\CortexM3\ARM_GCC_541\Debug\Design01.a(UART_1.o)
 .debug_info    0x000049e2      0x283 .\CortexM3\ARM_GCC_541\Debug\Design01.a(UART_1_IntClock.o)
 .debug_info    0x00004c65      0x2d4 .\CortexM3\ARM_GCC_541\Debug\Design01.a(QuadDec_2.o)
 .debug_info    0x00004f39      0x348 .\CortexM3\ARM_GCC_541\Debug\Design01.a(QuadDec_2_Cnt16.o)
 .debug_info    0x00005281      0x11f .\CortexM3\ARM_GCC_541\Debug\Design01.a(Motor_2_IN_3.o)
 .debug_info    0x000053a0      0x11f .\CortexM3\ARM_GCC_541\Debug\Design01.a(Motor_2_IN_4.o)
 .debug_info    0x000054bf      0x281 .\CortexM3\ARM_GCC_541\Debug\Design01.a(PWM_Master.o)
 .debug_info    0x00005740      0x281 .\CortexM3\ARM_GCC_541\Debug\Design01.a(PWM_Slave.o)
 .debug_info    0x000059c1      0x334 .\CortexM3\ARM_GCC_541\Debug\Design01.a(Timer_1.o)
 .debug_info    0x00005cf5      0x2d2 .\CortexM3\ARM_GCC_541\Debug\Design01.a(isr_1.o)
 .debug_info    0x00005fc7      0x328 .\CortexM3\ARM_GCC_541\Debug\Design01.a(Timer_2.o)
 .debug_info    0x000062ef      0x2d2 .\CortexM3\ARM_GCC_541\Debug\Design01.a(isr_2.o)
 .debug_info    0x000065c1      0x328 .\CortexM3\ARM_GCC_541\Debug\Design01.a(Timer_3.o)
 .debug_info    0x000068e9      0x11f .\CortexM3\ARM_GCC_541\Debug\Design01.a(Right_Echo.o)
 .debug_info    0x00006a08      0x2d2 .\CortexM3\ARM_GCC_541\Debug\Design01.a(isr_3.o)
 .debug_info    0x00006cda      0x328 .\CortexM3\ARM_GCC_541\Debug\Design01.a(Timer_4.o)
 .debug_info    0x00007002      0x2d2 .\CortexM3\ARM_GCC_541\Debug\Design01.a(isr_4.o)
 .debug_info    0x000072d4      0x328 .\CortexM3\ARM_GCC_541\Debug\Design01.a(Timer_5.o)
 .debug_info    0x000075fc      0x11f .\CortexM3\ARM_GCC_541\Debug\Design01.a(Front_Echo_1.o)
 .debug_info    0x0000771b      0x2d2 .\CortexM3\ARM_GCC_541\Debug\Design01.a(isr_5.o)
 .debug_info    0x000079ed      0x11f .\CortexM3\ARM_GCC_541\Debug\Design01.a(Right_Trigger.o)
 .debug_info    0x00007b0c      0x354 .\CortexM3\ARM_GCC_541\Debug\Design01.a(PWM_ColorSensor.o)
 .debug_info    0x00007e60      0x344 .\CortexM3\ARM_GCC_541\Debug\Design01.a(Counter_ColorSensor.o)
 .debug_info    0x000081a4      0x2d2 .\CortexM3\ARM_GCC_541\Debug\Design01.a(isr_6.o)
 .debug_info    0x00008476       0xd6 .\CortexM3\ARM_GCC_541\Debug\Design01.a(Control_Reg_1.o)
 .debug_info    0x0000854c      0x11f .\CortexM3\ARM_GCC_541\Debug\Design01.a(S1.o)
 .debug_info    0x0000866b      0x11f .\CortexM3\ARM_GCC_541\Debug\Design01.a(S2.o)
 .debug_info    0x0000878a      0x11f .\CortexM3\ARM_GCC_541\Debug\Design01.a(S0.o)
 .debug_info    0x000088a9      0x11f .\CortexM3\ARM_GCC_541\Debug\Design01.a(S3.o)
 .debug_info    0x000089c8      0x11f .\CortexM3\ARM_GCC_541\Debug\Design01.a(CS_LED.o)
 .debug_info    0x00008ae7      0x11f .\CortexM3\ARM_GCC_541\Debug\Design01.a(IR_input.o)
 .debug_info    0x00008c06      0x11f .\CortexM3\ARM_GCC_541\Debug\Design01.a(led_green.o)
 .debug_info    0x00008d25      0x11f .\CortexM3\ARM_GCC_541\Debug\Design01.a(led_red.o)
 .debug_info    0x00008e44      0x11f .\CortexM3\ARM_GCC_541\Debug\Design01.a(led_blue.o)
 .debug_info    0x00008f63      0x11f .\CortexM3\ARM_GCC_541\Debug\Design01.a(Front_Trigger_1.o)
 .debug_info    0x00009082       0xb9 .\CortexM3\ARM_GCC_541\Debug\Design01.a(CyBootAsmGnu.o)
 .debug_info    0x0000913b      0x64d .\CortexM3\ARM_GCC_541\Debug\Design01.a(CyFlash.o)
 .debug_info    0x00009788      0x550 .\CortexM3\ARM_GCC_541\Debug\Design01.a(CySpc.o)
 .debug_info    0x00009cd8       0xee .\CortexM3\ARM_GCC_541\Debug\Design01.a(cyutils.o)

.debug_abbrev   0x00000000     0x3354
 *(.debug_abbrev)
 .debug_abbrev  0x00000000      0x1f4 .\CortexM3\ARM_GCC_541\Debug\main.o
 .debug_abbrev  0x000001f4      0x20d .\CortexM3\ARM_GCC_541\Debug\cyfitter_cfg.o
 .debug_abbrev  0x00000401       0x77 .\CortexM3\ARM_GCC_541\Debug\cymetadata.o
 .debug_abbrev  0x00000478      0x1e8 .\CortexM3\ARM_GCC_541\Debug\Cm3Start.o
 .debug_abbrev  0x00000660       0x90 .\CortexM3\ARM_GCC_541\Debug\Design01.a(Motor_1_IN_1.o)
 .debug_abbrev  0x000006f0       0x90 .\CortexM3\ARM_GCC_541\Debug\Design01.a(Motor_1_IN_2.o)
 .debug_abbrev  0x00000780      0x254 .\CortexM3\ARM_GCC_541\Debug\Design01.a(CyLib.o)
 .debug_abbrev  0x000009d4      0x1ab .\CortexM3\ARM_GCC_541\Debug\Design01.a(cyPm.o)
 .debug_abbrev  0x00000b7f      0x151 .\CortexM3\ARM_GCC_541\Debug\Design01.a(QuadDec_1.o)
 .debug_abbrev  0x00000cd0      0x117 .\CortexM3\ARM_GCC_541\Debug\Design01.a(QuadDec_1_Cnt16.o)
 .debug_abbrev  0x00000de7      0x175 .\CortexM3\ARM_GCC_541\Debug\Design01.a(UART_1.o)
 .debug_abbrev  0x00000f5c      0x139 .\CortexM3\ARM_GCC_541\Debug\Design01.a(UART_1_IntClock.o)
 .debug_abbrev  0x00001095      0x151 .\CortexM3\ARM_GCC_541\Debug\Design01.a(QuadDec_2.o)
 .debug_abbrev  0x000011e6      0x117 .\CortexM3\ARM_GCC_541\Debug\Design01.a(QuadDec_2_Cnt16.o)
 .debug_abbrev  0x000012fd       0x90 .\CortexM3\ARM_GCC_541\Debug\Design01.a(Motor_2_IN_3.o)
 .debug_abbrev  0x0000138d       0x90 .\CortexM3\ARM_GCC_541\Debug\Design01.a(Motor_2_IN_4.o)
 .debug_abbrev  0x0000141d      0x12d .\CortexM3\ARM_GCC_541\Debug\Design01.a(PWM_Master.o)
 .debug_abbrev  0x0000154a      0x12d .\CortexM3\ARM_GCC_541\Debug\Design01.a(PWM_Slave.o)
 .debug_abbrev  0x00001677      0x14b .\CortexM3\ARM_GCC_541\Debug\Design01.a(Timer_1.o)
 .debug_abbrev  0x000017c2      0x173 .\CortexM3\ARM_GCC_541\Debug\Design01.a(isr_1.o)
 .debug_abbrev  0x00001935      0x13a .\CortexM3\ARM_GCC_541\Debug\Design01.a(Timer_2.o)
 .debug_abbrev  0x00001a6f      0x173 .\CortexM3\ARM_GCC_541\Debug\Design01.a(isr_2.o)
 .debug_abbrev  0x00001be2      0x13a .\CortexM3\ARM_GCC_541\Debug\Design01.a(Timer_3.o)
 .debug_abbrev  0x00001d1c       0x90 .\CortexM3\ARM_GCC_541\Debug\Design01.a(Right_Echo.o)
 .debug_abbrev  0x00001dac      0x173 .\CortexM3\ARM_GCC_541\Debug\Design01.a(isr_3.o)
 .debug_abbrev  0x00001f1f      0x13a .\CortexM3\ARM_GCC_541\Debug\Design01.a(Timer_4.o)
 .debug_abbrev  0x00002059      0x173 .\CortexM3\ARM_GCC_541\Debug\Design01.a(isr_4.o)
 .debug_abbrev  0x000021cc      0x13a .\CortexM3\ARM_GCC_541\Debug\Design01.a(Timer_5.o)
 .debug_abbrev  0x00002306       0x90 .\CortexM3\ARM_GCC_541\Debug\Design01.a(Front_Echo_1.o)
 .debug_abbrev  0x00002396      0x173 .\CortexM3\ARM_GCC_541\Debug\Design01.a(isr_5.o)
 .debug_abbrev  0x00002509       0x90 .\CortexM3\ARM_GCC_541\Debug\Design01.a(Right_Trigger.o)
 .debug_abbrev  0x00002599      0x133 .\CortexM3\ARM_GCC_541\Debug\Design01.a(PWM_ColorSensor.o)
 .debug_abbrev  0x000026cc      0x117 .\CortexM3\ARM_GCC_541\Debug\Design01.a(Counter_ColorSensor.o)
 .debug_abbrev  0x000027e3      0x173 .\CortexM3\ARM_GCC_541\Debug\Design01.a(isr_6.o)
 .debug_abbrev  0x00002956       0x81 .\CortexM3\ARM_GCC_541\Debug\Design01.a(Control_Reg_1.o)
 .debug_abbrev  0x000029d7       0x90 .\CortexM3\ARM_GCC_541\Debug\Design01.a(S1.o)
 .debug_abbrev  0x00002a67       0x90 .\CortexM3\ARM_GCC_541\Debug\Design01.a(S2.o)
 .debug_abbrev  0x00002af7       0x90 .\CortexM3\ARM_GCC_541\Debug\Design01.a(S0.o)
 .debug_abbrev  0x00002b87       0x90 .\CortexM3\ARM_GCC_541\Debug\Design01.a(S3.o)
 .debug_abbrev  0x00002c17       0x90 .\CortexM3\ARM_GCC_541\Debug\Design01.a(CS_LED.o)
 .debug_abbrev  0x00002ca7       0x90 .\CortexM3\ARM_GCC_541\Debug\Design01.a(IR_input.o)
 .debug_abbrev  0x00002d37       0x90 .\CortexM3\ARM_GCC_541\Debug\Design01.a(led_green.o)
 .debug_abbrev  0x00002dc7       0x90 .\CortexM3\ARM_GCC_541\Debug\Design01.a(led_red.o)
 .debug_abbrev  0x00002e57       0x90 .\CortexM3\ARM_GCC_541\Debug\Design01.a(led_blue.o)
 .debug_abbrev  0x00002ee7       0x90 .\CortexM3\ARM_GCC_541\Debug\Design01.a(Front_Trigger_1.o)
 .debug_abbrev  0x00002f77       0x14 .\CortexM3\ARM_GCC_541\Debug\Design01.a(CyBootAsmGnu.o)
 .debug_abbrev  0x00002f8b      0x1a7 .\CortexM3\ARM_GCC_541\Debug\Design01.a(CyFlash.o)
 .debug_abbrev  0x00003132      0x194 .\CortexM3\ARM_GCC_541\Debug\Design01.a(CySpc.o)
 .debug_abbrev  0x000032c6       0x8e .\CortexM3\ARM_GCC_541\Debug\Design01.a(cyutils.o)

.debug_line     0x00000000     0x44ca
 *(.debug_line)
 .debug_line    0x00000000      0x656 .\CortexM3\ARM_GCC_541\Debug\main.o
 .debug_line    0x00000656      0x204 .\CortexM3\ARM_GCC_541\Debug\cyfitter_cfg.o
 .debug_line    0x0000085a      0x141 .\CortexM3\ARM_GCC_541\Debug\cymetadata.o
 .debug_line    0x0000099b      0x234 .\CortexM3\ARM_GCC_541\Debug\Cm3Start.o
 .debug_line    0x00000bcf       0x99 .\CortexM3\ARM_GCC_541\Debug\Design01.a(Motor_1_IN_1.o)
 .debug_line    0x00000c68       0x99 .\CortexM3\ARM_GCC_541\Debug\Design01.a(Motor_1_IN_2.o)
 .debug_line    0x00000d01      0x816 .\CortexM3\ARM_GCC_541\Debug\Design01.a(CyLib.o)
 .debug_line    0x00001517      0x367 .\CortexM3\ARM_GCC_541\Debug\Design01.a(cyPm.o)
 .debug_line    0x0000187e      0x11e .\CortexM3\ARM_GCC_541\Debug\Design01.a(QuadDec_1.o)
 .debug_line    0x0000199c      0x18f .\CortexM3\ARM_GCC_541\Debug\Design01.a(QuadDec_1_Cnt16.o)
 .debug_line    0x00001b2b      0x2c0 .\CortexM3\ARM_GCC_541\Debug\Design01.a(UART_1.o)
 .debug_line    0x00001deb      0x17e .\CortexM3\ARM_GCC_541\Debug\Design01.a(UART_1_IntClock.o)
 .debug_line    0x00001f69      0x11e .\CortexM3\ARM_GCC_541\Debug\Design01.a(QuadDec_2.o)
 .debug_line    0x00002087      0x18f .\CortexM3\ARM_GCC_541\Debug\Design01.a(QuadDec_2_Cnt16.o)
 .debug_line    0x00002216       0x99 .\CortexM3\ARM_GCC_541\Debug\Design01.a(Motor_2_IN_3.o)
 .debug_line    0x000022af       0x99 .\CortexM3\ARM_GCC_541\Debug\Design01.a(Motor_2_IN_4.o)
 .debug_line    0x00002348      0x138 .\CortexM3\ARM_GCC_541\Debug\Design01.a(PWM_Master.o)
 .debug_line    0x00002480      0x137 .\CortexM3\ARM_GCC_541\Debug\Design01.a(PWM_Slave.o)
 .debug_line    0x000025b7      0x172 .\CortexM3\ARM_GCC_541\Debug\Design01.a(Timer_1.o)
 .debug_line    0x00002729      0x132 .\CortexM3\ARM_GCC_541\Debug\Design01.a(isr_1.o)
 .debug_line    0x0000285b      0x184 .\CortexM3\ARM_GCC_541\Debug\Design01.a(Timer_2.o)
 .debug_line    0x000029df      0x132 .\CortexM3\ARM_GCC_541\Debug\Design01.a(isr_2.o)
 .debug_line    0x00002b11      0x184 .\CortexM3\ARM_GCC_541\Debug\Design01.a(Timer_3.o)
 .debug_line    0x00002c95       0x97 .\CortexM3\ARM_GCC_541\Debug\Design01.a(Right_Echo.o)
 .debug_line    0x00002d2c      0x132 .\CortexM3\ARM_GCC_541\Debug\Design01.a(isr_3.o)
 .debug_line    0x00002e5e      0x184 .\CortexM3\ARM_GCC_541\Debug\Design01.a(Timer_4.o)
 .debug_line    0x00002fe2      0x132 .\CortexM3\ARM_GCC_541\Debug\Design01.a(isr_4.o)
 .debug_line    0x00003114      0x184 .\CortexM3\ARM_GCC_541\Debug\Design01.a(Timer_5.o)
 .debug_line    0x00003298       0x99 .\CortexM3\ARM_GCC_541\Debug\Design01.a(Front_Echo_1.o)
 .debug_line    0x00003331      0x132 .\CortexM3\ARM_GCC_541\Debug\Design01.a(isr_5.o)
 .debug_line    0x00003463       0x9a .\CortexM3\ARM_GCC_541\Debug\Design01.a(Right_Trigger.o)
 .debug_line    0x000034fd      0x192 .\CortexM3\ARM_GCC_541\Debug\Design01.a(PWM_ColorSensor.o)
 .debug_line    0x0000368f      0x195 .\CortexM3\ARM_GCC_541\Debug\Design01.a(Counter_ColorSensor.o)
 .debug_line    0x00003824      0x132 .\CortexM3\ARM_GCC_541\Debug\Design01.a(isr_6.o)
 .debug_line    0x00003956       0x75 .\CortexM3\ARM_GCC_541\Debug\Design01.a(Control_Reg_1.o)
 .debug_line    0x000039cb       0x8f .\CortexM3\ARM_GCC_541\Debug\Design01.a(S1.o)
 .debug_line    0x00003a5a       0x8f .\CortexM3\ARM_GCC_541\Debug\Design01.a(S2.o)
 .debug_line    0x00003ae9       0x8f .\CortexM3\ARM_GCC_541\Debug\Design01.a(S0.o)
 .debug_line    0x00003b78       0x8f .\CortexM3\ARM_GCC_541\Debug\Design01.a(S3.o)
 .debug_line    0x00003c07       0x93 .\CortexM3\ARM_GCC_541\Debug\Design01.a(CS_LED.o)
 .debug_line    0x00003c9a       0x95 .\CortexM3\ARM_GCC_541\Debug\Design01.a(IR_input.o)
 .debug_line    0x00003d2f       0x96 .\CortexM3\ARM_GCC_541\Debug\Design01.a(led_green.o)
 .debug_line    0x00003dc5       0x94 .\CortexM3\ARM_GCC_541\Debug\Design01.a(led_red.o)
 .debug_line    0x00003e59       0x95 .\CortexM3\ARM_GCC_541\Debug\Design01.a(led_blue.o)
 .debug_line    0x00003eee       0x9c .\CortexM3\ARM_GCC_541\Debug\Design01.a(Front_Trigger_1.o)
 .debug_line    0x00003f8a       0x66 .\CortexM3\ARM_GCC_541\Debug\Design01.a(CyBootAsmGnu.o)
 .debug_line    0x00003ff0      0x21a .\CortexM3\ARM_GCC_541\Debug\Design01.a(CyFlash.o)
 .debug_line    0x0000420a      0x260 .\CortexM3\ARM_GCC_541\Debug\Design01.a(CySpc.o)
 .debug_line    0x0000446a       0x60 .\CortexM3\ARM_GCC_541\Debug\Design01.a(cyutils.o)

.debug_frame    0x00000000     0x3570
 *(.debug_frame)
 .debug_frame   0x00000000      0x220 .\CortexM3\ARM_GCC_541\Debug\main.o